<html>
<body>
<pre>
<h1>µVision Build Log</h1>
<h2>Tool Versions:</h2>
IDE-Version: ¦ÌVision V5.33.0.0
Copyright (C) 2020 ARM Ltd and ARM Germany GmbH. All rights reserved.
License Information: zwk 8615194630609, sjtu, LIC=LJWP0-B8J8A-683FC-7MGVW-7YGSW-HGV21
 
Tool Versions:
Toolchain:       MDK-ARM Professional  Version: 5.33.0.0
Toolchain Path:  D:\Keil_v5\ARM\ARMCC\Bin
C Compiler:      Armcc.exe V5.06 update 7 (build 960)
Assembler:       Armasm.exe V5.06 update 7 (build 960)
Linker/Locator:  ArmLink.exe V5.06 update 7 (build 960)
Library Manager: ArmAr.exe V5.06 update 7 (build 960)
Hex Converter:   FromElf.exe V5.06 update 7 (build 960)
CPU DLL:         SARMCM3.DLL V5.33.0.0
Dialog DLL:      DCM.DLL V1.17.3.0
Target DLL:      lmidk-agdi.dll V???
Dialog DLL:      TCM.DLL V1.48.0.0
 
<h2>Project:</h2>
C:\Users\86151\Desktop\S800\EXP3\exp3.uvprojx
Project File Date:  05/27/2024

<h2>Output:</h2>
*** Using Compiler 'V5.06 update 7 (build 960)', folder: 'D:\Keil_v5\ARM\ARMCC\Bin'
Build target 'Target 1'
compiling exp3-4.c...
exp3-4.c(139): warning:  #167-D: argument of type "uint8_t *" is incompatible with parameter of type "const char *"
  				if (strncmp((char*)(uart_char_buffer + 1), Month[i], 3) == 0){
exp3-4.c(142): warning:  #167-D: argument of type "uint8_t *" is incompatible with parameter of type "const char *"
  						if (uart_char_buffer[4] == '+') UARTStringPutNonBlocking(Month[(num + i) % 12]);
exp3-4.c(143): warning:  #167-D: argument of type "uint8_t *" is incompatible with parameter of type "const char *"
  						else if (uart_char_buffer[4] == '-') UARTStringPutNonBlocking(Month[(i - num + 12) % 12]);
exp3-4.c(188): warning:  #167-D: argument of type "unsigned char *" is incompatible with parameter of type "const char *"
  					UARTStringPutNonBlocking(ms);
exp3-4.c(324): warning:  #550-D: variable "rop"  was set but never used
  	uint8_t value, rop;
exp3-4.c: 5 warnings, 0 errors
linking...
Program Size: Code=5572 RO-data=2028 RW-data=116 ZI-data=812  
FromELF: creating hex file...
".\Objects\exp1.axf" - 0 Error(s), 5 Warning(s).

<h2>Software Packages used:</h2>

Package Vendor: ARM
                http://www.keil.com/pack/ARM.CMSIS.5.7.0.pack
                ARM.CMSIS.5.7.0
                CMSIS (Cortex Microcontroller Software Interface Standard)
   * Component: CORE Version: 5.4.0

Package Vendor: Keil
                http://www.keil.com/pack/Keil.TM4C_DFP.1.1.0.pack
                Keil.TM4C_DFP.1.1.0
                Texas Instruments Tiva C Series Device Support and Examples
   * Component: Startup Version: 1.0.0

<h2>Collection of Component include folders:</h2>
  .\RTE\_Target_1
  D:\Keil_v5\ARM\PACK\ARM\CMSIS\5.7.0\CMSIS\Core\Include
  D:\Keil_v5\ARM\PACK\Keil\TM4C_DFP\1.1.0\Device\Include\TM4C129

<h2>Collection of Component Files used:</h2>

   * Component: ARM::CMSIS:CORE:5.4.0

   * Component: Keil::Device:Startup:1.0.0
      Include file:  Device\Include\TM4C129\TM4C129.h
      Source file:   Device\Source\system_TM4C129.c
      Source file:   Device\Source\ARM\startup_TM4C129.s
Build Time Elapsed:  00:00:01
</pre>
</body>
</html>
