Component: ARM Compiler 5.06 update 7 (build 960) Tool: armlink [4d3601]

==============================================================================

Section Cross References

    myclock.o(i.AlarmGen) refers to myclock.o(.data) for AlarmH
    myclock.o(i.AlarmSend) refers to rt_memcpy_w.o(.text) for __aeabi_memcpy4
    myclock.o(i.AlarmSend) refers to strcat.o(.text) for strcat
    myclock.o(i.AlarmSend) refers to myclock.o(i.UARTStringPutNonBlocking) for UARTStringPutNonBlocking
    myclock.o(i.AlarmSend) refers to myclock.o(.constdata) for .constdata
    myclock.o(i.AlarmSend) refers to myclock.o(.data) for alarmStr
    myclock.o(i.BootScreen) refers to myclock.o(i.LedLight) for LedLight
    myclock.o(i.BootScreen) refers to myclock.o(i.Delay) for Delay
    myclock.o(i.BootScreen) refers to myclock.o(i.I2C0_WriteByte) for I2C0_WriteByte
    myclock.o(i.BootScreen) refers to myclock.o(i.CharEcho) for CharEcho
    myclock.o(i.BootScreen) refers to myclock.o(i.UARTStringPut) for UARTStringPut
    myclock.o(i.BootScreen) refers to myclock.o(i.ClockGen) for ClockGen
    myclock.o(i.BootScreen) refers to myclock.o(i.DateGen) for DateGen
    myclock.o(i.BootScreen) refers to myclock.o(i.AlarmGen) for AlarmGen
    myclock.o(i.BootScreen) refers to myclock.o(.data) for ui32SysClock
    myclock.o(i.CharEcho) refers to uart.o(i.UARTCharPut) for UARTCharPut
    myclock.o(i.ClockGen) refers to myclock.o(.data) for day
    myclock.o(i.DateGen) refers to myclock.o(.data) for year
    myclock.o(i.DateSend) refers to rt_memcpy_w.o(.text) for __aeabi_memcpy4
    myclock.o(i.DateSend) refers to strcat.o(.text) for strcat
    myclock.o(i.DateSend) refers to myclock.o(i.UARTStringPutNonBlocking) for UARTStringPutNonBlocking
    myclock.o(i.DateSend) refers to myclock.o(.constdata) for .constdata
    myclock.o(i.DateSend) refers to myclock.o(.data) for dateStr
    myclock.o(i.Device_Init) refers to sysctl.o(i.SysCtlClockFreqSet) for SysCtlClockFreqSet
    myclock.o(i.Device_Init) refers to myclock.o(i.S800_GPIO_Init) for S800_GPIO_Init
    myclock.o(i.Device_Init) refers to myclock.o(i.S800_I2C0_Init) for S800_I2C0_Init
    myclock.o(i.Device_Init) refers to myclock.o(i.S800_UART_Init) for S800_UART_Init
    myclock.o(i.Device_Init) refers to myclock.o(i.SysTick_Init) for SysTick_Init
    myclock.o(i.Device_Init) refers to myclock.o(i.PWM_Init) for PWM_Init
    myclock.o(i.Device_Init) refers to myclock.o(i.Timer1_Init) for Timer1_Init
    myclock.o(i.Device_Init) refers to interrupt.o(i.IntMasterEnable) for IntMasterEnable
    myclock.o(i.Device_Init) refers to interrupt.o(i.IntPriorityGroupingSet) for IntPriorityGroupingSet
    myclock.o(i.Device_Init) refers to interrupt.o(i.IntPrioritySet) for IntPrioritySet
    myclock.o(i.Device_Init) refers to myclock.o(.data) for ui32SysClock
    myclock.o(i.DigitWrite) refers to myclock.o(i.I2C0_WriteByte) for I2C0_WriteByte
    myclock.o(i.DigitWrite) refers to myclock.o(.data) for seg7
    myclock.o(i.DisplayModeOn) refers to myclock.o(i.DigitWrite) for DigitWrite
    myclock.o(i.DisplayModeOn) refers to myclock.o(i.LedLight) for LedLight
    myclock.o(i.DisplayModeOn) refers to myclock.o(.data) for DisplayStatus
    myclock.o(i.DisplayModeOn) refers to myclock.o(.bss) for fullStr
    myclock.o(i.ErrorSend) refers to myclock.o(i.UARTStringPutNonBlocking) for UARTStringPutNonBlocking
    myclock.o(i.ErrorSend) refers to myclock.o(i.UARTStringPut) for UARTStringPut
    myclock.o(i.HelpSend) refers to myclock.o(i.CharEcho) for CharEcho
    myclock.o(i.HelpSend) refers to myclock.o(i.UARTStringPut) for UARTStringPut
    myclock.o(i.I2C0_ReadByte) refers to i2c.o(i.I2CMasterBusy) for I2CMasterBusy
    myclock.o(i.I2C0_ReadByte) refers to i2c.o(i.I2CMasterSlaveAddrSet) for I2CMasterSlaveAddrSet
    myclock.o(i.I2C0_ReadByte) refers to i2c.o(i.I2CMasterDataPut) for I2CMasterDataPut
    myclock.o(i.I2C0_ReadByte) refers to i2c.o(i.I2CMasterControl) for I2CMasterControl
    myclock.o(i.I2C0_ReadByte) refers to i2c.o(i.I2CMasterBusBusy) for I2CMasterBusBusy
    myclock.o(i.I2C0_ReadByte) refers to myclock.o(i.Delay) for Delay
    myclock.o(i.I2C0_ReadByte) refers to i2c.o(i.I2CMasterDataGet) for I2CMasterDataGet
    myclock.o(i.I2C0_WriteByte) refers to i2c.o(i.I2CMasterBusy) for I2CMasterBusy
    myclock.o(i.I2C0_WriteByte) refers to i2c.o(i.I2CMasterSlaveAddrSet) for I2CMasterSlaveAddrSet
    myclock.o(i.I2C0_WriteByte) refers to i2c.o(i.I2CMasterDataPut) for I2CMasterDataPut
    myclock.o(i.I2C0_WriteByte) refers to i2c.o(i.I2CMasterControl) for I2CMasterControl
    myclock.o(i.KeyDecoder) refers to myclock.o(i.I2C0_ReadByte) for I2C0_ReadByte
    myclock.o(i.KeyDecoder) refers to myclock.o(i.SetMusicOn) for SetMusicOn
    myclock.o(i.KeyDecoder) refers to gpio.o(i.GPIOPinRead) for GPIOPinRead
    myclock.o(i.KeyDecoder) refers to myclock.o(.data) for key_value
    myclock.o(i.LedLight) refers to myclock.o(i.I2C0_WriteByte) for I2C0_WriteByte
[...]
    ../clib/angel/sys.s                      0x00000000   Number         0  indicate_semi.o ABSOLUTE
    ../clib/angel/sys.s                      0x00000000   Number         0  use_no_semi.o ABSOLUTE
    ../clib/angel/sysapp.c                   0x00000000   Number         0  sys_exit.o ABSOLUTE
    ../clib/angel/sysapp.c                   0x00000000   Number         0  sys_command.o ABSOLUTE
    ../clib/angel/sysapp.c                   0x00000000   Number         0  sys_wrch.o ABSOLUTE
    ../clib/armsys.c                         0x00000000   Number         0  argv_veneer.o ABSOLUTE
    ../clib/armsys.c                         0x00000000   Number         0  _get_argv_nomalloc.o ABSOLUTE
    ../clib/armsys.c                         0x00000000   Number         0  argv_veneer.o ABSOLUTE
    ../clib/armsys.c                         0x00000000   Number         0  no_argv.o ABSOLUTE
    ../clib/heapalloc.c                      0x00000000   Number         0  hrguard.o ABSOLUTE
    ../clib/heapaux.c                        0x00000000   Number         0  heapauxi.o ABSOLUTE
    ../clib/libinit.s                        0x00000000   Number         0  libinit.o ABSOLUTE
    ../clib/libinit.s                        0x00000000   Number         0  libshutdown2.o ABSOLUTE
    ../clib/libinit.s                        0x00000000   Number         0  libinit2.o ABSOLUTE
    ../clib/libinit.s                        0x00000000   Number         0  libshutdown.o ABSOLUTE
    ../clib/memcpset.s                       0x00000000   Number         0  strcmpv7m.o ABSOLUTE
    ../clib/memcpset.s                       0x00000000   Number         0  rt_memcpy_w.o ABSOLUTE
    ../clib/signal.c                         0x00000000   Number         0  defsig_fpe_inner.o ABSOLUTE
    ../clib/signal.c                         0x00000000   Number         0  defsig_exit.o ABSOLUTE
    ../clib/signal.c                         0x00000000   Number         0  defsig_pvfn_inner.o ABSOLUTE
    ../clib/signal.c                         0x00000000   Number         0  defsig_rtred_inner.o ABSOLUTE
    ../clib/signal.c                         0x00000000   Number         0  defsig_stak_inner.o ABSOLUTE
    ../clib/signal.c                         0x00000000   Number         0  defsig_cppl_inner.o ABSOLUTE
    ../clib/signal.c                         0x00000000   Number         0  defsig_rtmem_inner.o ABSOLUTE
    ../clib/signal.c                         0x00000000   Number         0  __raise.o ABSOLUTE
    ../clib/signal.c                         0x00000000   Number         0  defsig_segv_inner.o ABSOLUTE
    ../clib/signal.c                         0x00000000   Number         0  defsig_rtmem_formal.o ABSOLUTE
    ../clib/signal.c                         0x00000000   Number         0  defsig_rtmem_outer.o ABSOLUTE
    ../clib/signal.c                         0x00000000   Number         0  defsig_other.o ABSOLUTE
    ../clib/signal.c                         0x00000000   Number         0  defsig_general.o ABSOLUTE
    ../clib/signal.c                         0x00000000   Number         0  defsig_abrt_inner.o ABSOLUTE
    ../clib/signal.s                         0x00000000   Number         0  defsig.o ABSOLUTE
    ../clib/stdlib.c                         0x00000000   Number         0  exit.o ABSOLUTE
    ../clib/string.c                         0x00000000   Number         0  strcat.o ABSOLUTE
    ../clib/string.c                         0x00000000   Number         0  strncmp.o ABSOLUTE
    ../clib/string.c                         0x00000000   Number         0  strcpy.o ABSOLUTE
    ../fplib/ddiv.s                          0x00000000   Number         0  ddiv.o ABSOLUTE
    ../fplib/dfixu.s                         0x00000000   Number         0  dfixu.o ABSOLUTE
    ../fplib/dflt.s                          0x00000000   Number         0  dflt_clz.o ABSOLUTE
    ../fplib/dmul.s                          0x00000000   Number         0  dmul.o ABSOLUTE
    ../fplib/dnaninf.s                       0x00000000   Number         0  dnaninf.o ABSOLUTE
    ../fplib/dretinf.s                       0x00000000   Number         0  dretinf.o ABSOLUTE
    ../fplib/f2d.s                           0x00000000   Number         0  f2d.o ABSOLUTE
    ../fplib/fnaninf.s                       0x00000000   Number         0  fnaninf.o ABSOLUTE
    ../fplib/fpinit.s                        0x00000000   Number         0  fpinit.o ABSOLUTE
    ../fplib/usenofp.s                       0x00000000   Number         0  usenofp.o ABSOLUTE
    RTE\Device\TM4C1294NCPDT\startup_TM4C129.s 0x00000000   Number         0  startup_tm4c129.o ABSOLUTE
    RTE\Device\TM4C1294NCPDT\system_TM4C129.c 0x00000000   Number         0  system_tm4c129.o ABSOLUTE
    RTE\\Device\\TM4C1294NCPDT\\system_TM4C129.c 0x00000000   Number         0  system_tm4c129.o ABSOLUTE
    cpu.c                                    0x00000000   Number         0  cpu.o ABSOLUTE
    cpu.c                                    0x00000000   Number         0  cpu.o ABSOLUTE
    dc.s                                     0x00000000   Number         0  dc.o ABSOLUTE
    gpio.c                                   0x00000000   Number         0  gpio.o ABSOLUTE
    i2c.c                                    0x00000000   Number         0  i2c.o ABSOLUTE
    interrupt.c                              0x00000000   Number         0  interrupt.o ABSOLUTE
    myClock.c                                0x00000000   Number         0  myclock.o ABSOLUTE
    pwm.c                                    0x00000000   Number         0  pwm.o ABSOLUTE
    sysctl.c                                 0x00000000   Number         0  sysctl.o ABSOLUTE
    sysctl.c                                 0x00000000   Number         0  sysctl.o ABSOLUTE
    systick.c                                0x00000000   Number         0  systick.o ABSOLUTE
    timer.c                                  0x00000000   Number         0  timer.o ABSOLUTE
    uart.c                                   0x00000000   Number         0  uart.o ABSOLUTE
    RESET                                    0x00004000   Section      512  startup_tm4c129.o(RESET)
    !!!main                                  0x00004200   Section        8  __main.o(!!!main)
    !!!scatter                               0x00004208   Section       52  __scatter.o(!!!scatter)
    !!dczerorl2                              0x0000423c   Section       90  __dczerorl2.o(!!dczerorl2)
    !!handler_zi                             0x00004298   Section       28  __scatter_zi.o(!!handler_zi)
    .ARM.Collect$$libinit$$00000000          0x000042b4   Section        2  libinit.o(.ARM.Collect$$libinit$$00000000)
    .ARM.Collect$$libinit$$00000001          0x000042b6   Section        4  libinit2.o(.ARM.Collect$$libinit$$00000001)
    .ARM.Collect$$libinit$$00000004          0x000042ba   Section        0  libinit2.o(.ARM.Collect$$libinit$$00000004)
    .ARM.Collect$$libinit$$0000000A          0x000042ba   Section        0  libinit2.o(.ARM.Collect$$libinit$$0000000A)
    .ARM.Collect$$libinit$$0000000C          0x000042ba   Section        0  libinit2.o(.ARM.Collect$$libinit$$0000000C)
    .ARM.Collect$$libinit$$0000000E          0x000042ba   Section        0  libinit2.o(.ARM.Collect$$libinit$$0000000E)
    .ARM.Collect$$libinit$$00000011          0x000042ba   Section        0  libinit2.o(.ARM.Collect$$libinit$$00000011)
    .ARM.Collect$$libinit$$00000013          0x000042ba   Section        0  libinit2.o(.ARM.Collect$$libinit$$00000013)
    .ARM.Collect$$libinit$$00000015          0x000042ba   Section        0  libinit2.o(.ARM.Collect$$libinit$$00000015)
    .ARM.Collect$$libinit$$00000017          0x000042ba   Section        0  libinit2.o(.ARM.Collect$$libinit$$00000017)
    .ARM.Collect$$libinit$$00000019          0x000042ba   Section        0  libinit2.o(.ARM.Collect$$libinit$$00000019)
    .ARM.Collect$$libinit$$0000001B          0x000042ba   Section        0  libinit2.o(.ARM.Collect$$libinit$$0000001B)
    .ARM.Collect$$libinit$$0000001D          0x000042ba   Section        0  libinit2.o(.ARM.Collect$$libinit$$0000001D)
    .ARM.Collect$$libinit$$0000001F          0x000042ba   Section        0  libinit2.o(.ARM.Collect$$libinit$$0000001F)
    .ARM.Collect$$libinit$$00000021          0x000042ba   Section        0  libinit2.o(.ARM.Collect$$libinit$$00000021)
    .ARM.Collect$$libinit$$00000023          0x000042ba   Section        0  libinit2.o(.ARM.Collect$$libinit$$00000023)
    .ARM.Collect$$libinit$$00000025          0x000042ba   Section        0  libinit2.o(.ARM.Collect$$libinit$$00000025)
    .ARM.Collect$$libinit$$0000002C          0x000042ba   Section        0  libinit2.o(.ARM.Collect$$libinit$$0000002C)
    .ARM.Collect$$libinit$$0000002E          0x000042ba   Section        0  libinit2.o(.ARM.Collect$$libinit$$0000002E)
    .ARM.Collect$$libinit$$00000030          0x000042ba   Section        0  libinit2.o(.ARM.Collect$$libinit$$00000030)
    .ARM.Collect$$libinit$$00000032          0x000042ba   Section        0  libinit2.o(.ARM.Collect$$libinit$$00000032)
    .ARM.Collect$$libinit$$00000033          0x000042ba   Section        2  libinit2.o(.ARM.Collect$$libinit$$00000033)
    .ARM.Collect$$libshutdown$$00000000      0x000042bc   Section        2  libshutdown.o(.ARM.Collect$$libshutdown$$00000000)
    .ARM.Collect$$libshutdown$$00000002      0x000042be   Section        0  libshutdown2.o(.ARM.Collect$$libshutdown$$00000002)
    .ARM.Collect$$libshutdown$$00000004      0x000042be   Section        0  libshutdown2.o(.ARM.Collect$$libshutdown$$00000004)
    .ARM.Collect$$libshutdown$$00000006      0x000042be   Section        0  libshutdown2.o(.ARM.Collect$$libshutdown$$00000006)
    .ARM.Collect$$libshutdown$$00000009      0x000042be   Section        0  libshutdown2.o(.ARM.Collect$$libshutdown$$00000009)
    .ARM.Collect$$libshutdown$$0000000C      0x000042be   Section        0  libshutdown2.o(.ARM.Collect$$libshutdown$$0000000C)
    .ARM.Collect$$libshutdown$$0000000E      0x000042be   Section        0  libshutdown2.o(.ARM.Collect$$libshutdown$$0000000E)
    .ARM.Collect$$libshutdown$$00000011      0x000042be   Section        0  libshutdown2.o(.ARM.Collect$$libshutdown$$00000011)
    .ARM.Collect$$libshutdown$$00000012      0x000042be   Section        2  libshutdown2.o(.ARM.Collect$$libshutdown$$00000012)
    .ARM.Collect$$rtentry$$00000000          0x000042c0   Section        0  __rtentry.o(.ARM.Collect$$rtentry$$00000000)
    .ARM.Collect$$rtentry$$00000002          0x000042c0   Section        0  __rtentry2.o(.ARM.Collect$$rtentry$$00000002)
    .ARM.Collect$$rtentry$$00000004          0x000042c0   Section        6  __rtentry4.o(.ARM.Collect$$rtentry$$00000004)
    .ARM.Collect$$rtentry$$00000009          0x000042c6   Section        0  __rtentry2.o(.ARM.Collect$$rtentry$$00000009)
    .ARM.Collect$$rtentry$$0000000A          0x000042c6   Section        4  __rtentry2.o(.ARM.Collect$$rtentry$$0000000A)
    .ARM.Collect$$rtentry$$0000000C          0x000042ca   Section        0  __rtentry2.o(.ARM.Collect$$rtentry$$0000000C)
    .ARM.Collect$$rtentry$$0000000D          0x000042ca   Section        8  __rtentry2.o(.ARM.Collect$$rtentry$$0000000D)
    .ARM.Collect$$rtexit$$00000000           0x000042d2   Section        2  rtexit.o(.ARM.Collect$$rtexit$$00000000)
    .ARM.Collect$$rtexit$$00000002           0x000042d4   Section        0  rtexit2.o(.ARM.Collect$$rtexit$$00000002)
    .ARM.Collect$$rtexit$$00000003           0x000042d4   Section        4  rtexit2.o(.ARM.Collect$$rtexit$$00000003)
    .ARM.Collect$$rtexit$$00000004           0x000042d8   Section        6  rtexit2.o(.ARM.Collect$$rtexit$$00000004)
    .emb_text                                0x000042e0   Section       38  cpu.o(.emb_text)
    $v0                                      0x000042e0   Number         0  cpu.o(.emb_text)
    .text                                    0x00004308   Section      300  startup_tm4c129.o(.text)
    $v0                                      0x00004308   Number         0  startup_tm4c129.o(.text)
    .text                                    0x00004434   Section        0  strcpy.o(.text)
    .text                                    0x0000447c   Section        0  strncmp.o(.text)
    .text                                    0x00004512   Section        0  strcat.o(.text)
    .text                                    0x0000452a   Section      100  rt_memcpy_w.o(.text)
    .text                                    0x00004590   Section      128  strcmpv7m.o(.text)
    .text                                    0x00004610   Section        0  heapauxi.o(.text)
    .text                                    0x00004616   Section       74  sys_stackheap_outer.o(.text)
    .text                                    0x00004660   Section        0  exit.o(.text)
    .text                                    0x00004674   Section        8  libspace.o(.text)
    .text                                    0x0000467c   Section        0  sys_exit.o(.text)
    .text                                    0x00004688   Section        2  use_no_semi.o(.text)
    .text                                    0x0000468a   Section        0  indicate_semi.o(.text)
    i.AlarmGen                               0x0000468c   Section        0  myclock.o(i.AlarmGen)
    i.AlarmSend                              0x00004718   Section        0  myclock.o(i.AlarmSend)
    i.BootScreen                             0x00004740   Section        0  myclock.o(i.BootScreen)
    i.CharEcho                               0x00004910   Section        0  myclock.o(i.CharEcho)
    i.ClockGen                               0x00004938   Section        0  myclock.o(i.ClockGen)
    i.DateGen                                0x00004a44   Section        0  myclock.o(i.DateGen)
    i.DateSend                               0x00004bbc   Section        0  myclock.o(i.DateSend)
    i.Delay                                  0x00004be4   Section        0  myclock.o(i.Delay)
    i.Device_Init                            0x00004bf0   Section        0  myclock.o(i.Device_Init)
    i.DigitWrite                             0x00004c40   Section        0  myclock.o(i.DigitWrite)
    i.DisplayModeOn                          0x00004ca8   Section        0  myclock.o(i.DisplayModeOn)
    i.ErrorSend                              0x00004e50   Section        0  myclock.o(i.ErrorSend)
    i.GPIODirModeSet                         0x00004e88   Section        0  gpio.o(i.GPIODirModeSet)
    i.GPIOPadConfigSet                       0x00004eb0   Section        0  gpio.o(i.GPIOPadConfigSet)
    i.GPIOPinConfigure                       0x00004fe8   Section        0  gpio.o(i.GPIOPinConfigure)
    i.GPIOPinRead                            0x0000502c   Section        0  gpio.o(i.GPIOPinRead)
    i.GPIOPinTypeGPIOInput                   0x00005032   Section        0  gpio.o(i.GPIOPinTypeGPIOInput)
    i.GPIOPinTypeGPIOOutput                  0x0000504e   Section        0  gpio.o(i.GPIOPinTypeGPIOOutput)
    i.GPIOPinTypeI2C                         0x0000506a   Section        0  gpio.o(i.GPIOPinTypeI2C)
    i.GPIOPinTypeI2CSCL                      0x00005086   Section        0  gpio.o(i.GPIOPinTypeI2CSCL)
    i.GPIOPinTypePWM                         0x000050a2   Section        0  gpio.o(i.GPIOPinTypePWM)
    i.GPIOPinTypeUART                        0x000050be   Section        0  gpio.o(i.GPIOPinTypeUART)
    i.GPIOPinWrite                           0x000050da   Section        0  gpio.o(i.GPIOPinWrite)
    i.HelpSend                               0x000050e0   Section        0  myclock.o(i.HelpSend)
    i.I2C0_ReadByte                          0x0000534c   Section        0  myclock.o(i.I2C0_ReadByte)
    i.I2C0_WriteByte                         0x000053c4   Section        0  myclock.o(i.I2C0_WriteByte)
    i.I2CMasterBusBusy                       0x00005414   Section        0  i2c.o(i.I2CMasterBusBusy)
    i.I2CMasterBusy                          0x00005420   Section        0  i2c.o(i.I2CMasterBusy)
    i.I2CMasterControl                       0x0000542c   Section        0  i2c.o(i.I2CMasterControl)
    i.I2CMasterDataGet                       0x00005430   Section        0  i2c.o(i.I2CMasterDataGet)
    i.I2CMasterDataPut                       0x00005434   Section        0  i2c.o(i.I2CMasterDataPut)
    i.I2CMasterEnable                        0x00005438   Section        0  i2c.o(i.I2CMasterEnable)
    i.I2CMasterInitExpClk                    0x00005444   Section        0  i2c.o(i.I2CMasterInitExpClk)
    i.I2CMasterSlaveAddrSet                  0x00005498   Section        0  i2c.o(i.I2CMasterSlaveAddrSet)
    i.IntEnable                              0x000054a0   Section        0  interrupt.o(i.IntEnable)
    i.IntMasterEnable                        0x00005504   Section        0  interrupt.o(i.IntMasterEnable)
    i.IntPriorityGroupingSet                 0x00005514   Section        0  interrupt.o(i.IntPriorityGroupingSet)
    i.IntPrioritySet                         0x00005530   Section        0  interrupt.o(i.IntPrioritySet)
    i.KeyDecoder                             0x00005558   Section        0  myclock.o(i.KeyDecoder)
    i.LedLight                               0x00005720   Section        0  myclock.o(i.LedLight)
    i.ModeSelect                             0x00005734   Section        0  myclock.o(i.ModeSelect)
    i.PWMGenConfigure                        0x000057ac   Section        0  pwm.o(i.PWMGenConfigure)
    i.PWMGenDisable                          0x000057d2   Section        0  pwm.o(i.PWMGenDisable)
    i.PWMGenEnable                           0x000057dc   Section        0  pwm.o(i.PWMGenEnable)
    i.PWMGenPeriodGet                        0x000057e6   Section        0  pwm.o(i.PWMGenPeriodGet)
    i.PWMGenPeriodSet                        0x000057f8   Section        0  pwm.o(i.PWMGenPeriodSet)
    i.PWMOutputState                         0x0000580a   Section        0  pwm.o(i.PWMOutputState)
    i.PWMPulseWidthSet                       0x0000581a   Section        0  pwm.o(i.PWMPulseWidthSet)
    i.PWM_Init                               0x0000583c   Section        0  myclock.o(i.PWM_Init)
    i.RunningWaterStrProcess                 0x000058a4   Section        0  myclock.o(i.RunningWaterStrProcess)
    i.S800_GPIO_Init                         0x000058ec   Section        0  myclock.o(i.S800_GPIO_Init)
    i.S800_I2C0_Init                         0x0000596c   Section        0  myclock.o(i.S800_I2C0_Init)
    i.S800_UART_Init                         0x000059f8   Section        0  myclock.o(i.S800_UART_Init)
    i.SetAlarm                               0x00005a90   Section        0  myclock.o(i.SetAlarm)
    i.SetDate                                0x00005ab0   Section        0  myclock.o(i.SetDate)
    i.SetModeOn                              0x00005dd8   Section        0  myclock.o(i.SetModeOn)
    i.SetMusicOff                            0x00005f28   Section        0  myclock.o(i.SetMusicOff)
    i.SetMusicOn                             0x00005f34   Section        0  myclock.o(i.SetMusicOn)
    i.SetTime                                0x00005f4c   Section        0  myclock.o(i.SetTime)
    i.SysCtlClockFreqSet                     0x00006150   Section        0  sysctl.o(i.SysCtlClockFreqSet)
    i.SysCtlPeripheralEnable                 0x0000643c   Section        0  sysctl.o(i.SysCtlPeripheralEnable)
    i.SysCtlPeripheralReady                  0x00006464   Section        0  sysctl.o(i.SysCtlPeripheralReady)
    i.SysTickEnable                          0x00006490   Section        0  systick.o(i.SysTickEnable)
    i.SysTickIntEnable                       0x0000649e   Section        0  systick.o(i.SysTickIntEnable)
    i.SysTickPeriodSet                       0x000064ac   Section        0  systick.o(i.SysTickPeriodSet)
    i.SysTick_Handler                        0x000064b8   Section        0  myclock.o(i.SysTick_Handler)
    i.SysTick_Init                           0x00006568   Section        0  myclock.o(i.SysTick_Init)
    i.SystemInit                             0x0000658c   Section        0  system_tm4c129.o(i.SystemInit)
    i.TIMER1A_Handler                        0x000065ac   Section        0  myclock.o(i.TIMER1A_Handler)
    i.TimeSend                               0x000066d4   Section        0  myclock.o(i.TimeSend)
    i.Timer1_Init                            0x000066fc   Section        0  myclock.o(i.Timer1_Init)
    i.TimerConfigure                         0x0000673c   Section        0  timer.o(i.TimerConfigure)
    i.TimerEnable                            0x0000679c   Section        0  timer.o(i.TimerEnable)
    i.TimerIntClear                          0x000067aa   Section        0  timer.o(i.TimerIntClear)
    i.TimerIntEnable                         0x000067ae   Section        0  timer.o(i.TimerIntEnable)
    i.TimerLoadSet                           0x000067b6   Section        0  timer.o(i.TimerLoadSet)
    i.UART0_Handler                          0x000067c8   Section        0  myclock.o(i.UART0_Handler)
    i.UARTCharGetNonBlocking                 0x00006884   Section        0  uart.o(i.UARTCharGetNonBlocking)
    i.UARTCharPut                            0x00006894   Section        0  uart.o(i.UARTCharPut)
    i.UARTCharPutNonBlocking                 0x000068a0   Section        0  uart.o(i.UARTCharPutNonBlocking)
    i.UARTCharsAvail                         0x000068b0   Section        0  uart.o(i.UARTCharsAvail)
    i.UARTCmdProcess                         0x000068bc   Section        0  myclock.o(i.UARTCmdProcess)
    i.UARTConfigSetExpClk                    0x00006c08   Section        0  uart.o(i.UARTConfigSetExpClk)
    i.UARTFIFOLevelSet                       0x00006c76   Section        0  uart.o(i.UARTFIFOLevelSet)
    i.UARTIntClear                           0x00006c7c   Section        0  uart.o(i.UARTIntClear)
    i.UARTIntEnable                          0x00006c80   Section        0  uart.o(i.UARTIntEnable)
    i.UARTIntStatus                          0x00006c88   Section        0  uart.o(i.UARTIntStatus)
    i.UARTStringPut                          0x00006c94   Section        0  myclock.o(i.UARTStringPut)
    i.UARTStringPutNonBlocking               0x00006cb0   Section        0  myclock.o(i.UARTStringPutNonBlocking)
    i.main                                   0x00006ccc   Section        0  myclock.o(i.main)
    x$fpl$ddiv                               0x00006d98   Section      688  ddiv.o(x$fpl$ddiv)
    $v0                                      0x00006d98   Number         0  ddiv.o(x$fpl$ddiv)
    ddiv_entry                               0x00006d9f   Thumb Code     0  ddiv.o(x$fpl$ddiv)
    x$fpl$dfixu                              0x00007048   Section       90  dfixu.o(x$fpl$dfixu)
    $v0                                      0x00007048   Number         0  dfixu.o(x$fpl$dfixu)
    x$fpl$dfltu                              0x000070a2   Section       38  dflt_clz.o(x$fpl$dfltu)
    $v0                                      0x000070a2   Number         0  dflt_clz.o(x$fpl$dfltu)
    x$fpl$dmul                               0x000070c8   Section      340  dmul.o(x$fpl$dmul)
    $v0                                      0x000070c8   Number         0  dmul.o(x$fpl$dmul)
    x$fpl$dnaninf                            0x0000721c   Section      156  dnaninf.o(x$fpl$dnaninf)
    $v0                                      0x0000721c   Number         0  dnaninf.o(x$fpl$dnaninf)
    x$fpl$dretinf                            0x000072b8   Section       12  dretinf.o(x$fpl$dretinf)
    $v0                                      0x000072b8   Number         0  dretinf.o(x$fpl$dretinf)
    x$fpl$f2d                                0x000072c4   Section       86  f2d.o(x$fpl$f2d)
    $v0                                      0x000072c4   Number         0  f2d.o(x$fpl$f2d)
    x$fpl$fnaninf                            0x0000731a   Section      140  fnaninf.o(x$fpl$fnaninf)
    $v0                                      0x0000731a   Number         0  fnaninf.o(x$fpl$fnaninf)
    x$fpl$fpinit                             0x000073a6   Section       10  fpinit.o(x$fpl$fpinit)
    $v0                                      0x000073a6   Number         0  fpinit.o(x$fpl$fpinit)
    .constdata                               0x000073b0   Section       60  myclock.o(.constdata)
    x$fpl$usenofp                            0x000073b0   Section        0  usenofp.o(x$fpl$usenofp)
    .constdata                               0x000073ec   Section      552  gpio.o(.constdata)
    g_ppui32GPIOIntMapBlizzard               0x000073ec   Data         192  gpio.o(.constdata)
    g_ppui32GPIOIntMapSnowflake              0x000074ac   Data         216  gpio.o(.constdata)
    g_pui32GPIOBaseAddrs                     0x00007584   Data         144  gpio.o(.constdata)
    .constdata                               0x00007614   Section      268  interrupt.o(.constdata)
    g_pui32Priority                          0x00007614   Data          32  interrupt.o(.constdata)
    g_pui32Regs                              0x00007634   Data         156  interrupt.o(.constdata)
    g_pui32EnRegs                            0x000076d0   Data          20  interrupt.o(.constdata)
    g_pui32Dii16Regs                         0x000076e4   Data          20  interrupt.o(.constdata)
    g_pui32PendRegs                          0x000076f8   Data          20  interrupt.o(.constdata)
    g_pui32UnpendRegs                        0x0000770c   Data          20  interrupt.o(.constdata)
    .constdata                               0x00007720   Section      596  sysctl.o(.constdata)
    g_pui32VCOFrequencies                    0x00007720   Data           8  sysctl.o(.constdata)
    g_pui32Xtals                             0x00007728   Data         108  sysctl.o(.constdata)
    g_pppui32XTALtoVCO                       0x00007794   Data         432  sysctl.o(.constdata)
    g_sXTALtoMEMTIM                          0x00007944   Data          48  sysctl.o(.constdata)
    .data                                    0x20000000   Section     2244  myclock.o(.data)
    curPos                                   0x200008c2   Data           1  myclock.o(.data)
    curPos                                   0x200008c3   Data           1  myclock.o(.data)
    .data                                    0x200008c4   Section        4  system_tm4c129.o(.data)
    .bss                                     0x200008c8   Section      227  myclock.o(.bss)
    .bss                                     0x200009ac   Section       96  libspace.o(.bss)
    HEAP                                     0x20000a10   Section        0  startup_tm4c129.o(HEAP)
    STACK                                    0x20000a10   Section      512  startup_tm4c129.o(STACK)
    Heap_Mem                                 0x20000a10   Data           0  startup_tm4c129.o(HEAP)
    Stack_Mem                                0x20000a10   Data         512  startup_tm4c129.o(STACK)
    __initial_sp                             0x20000c10   Data           0  startup_tm4c129.o(STACK)

    Global Symbols

    Symbol Name                              Value     Ov Type        Size  Object(Section)

    BuildAttributes$$THM_ISAv4$E$P$D$K$B$S$7EM$VFPi3$EXTD16$VFPS$VFMA$PE$A:L22UL41UL21$X:L11$S22US41US21$IEEE1$IW$USESV6$~STKCKD$USESV7$~SHL$OTIME$ROPI$EBA8$UX$STANDARDLIB$REQ8$PRES8$EABIv2 0x00000000   Number         0  anon$$obj.o ABSOLUTE
    __ARM_use_no_argv                        0x00000000   Number         0  myclock.o ABSOLUTE
    __ARM_exceptions_init                     - Undefined Weak Reference
    __alloca_initialize                       - Undefined Weak Reference
    __arm_fini_                               - Undefined Weak Reference
    __arm_preinit_                            - Undefined Weak Reference
    __cpp_initialize__aeabi_                  - Undefined Weak Reference
    __cxa_finalize                            - Undefined Weak Reference
    __rt_locale                               - Undefined Weak Reference
    __sigvec_lookup                           - Undefined Weak Reference
    _atexit_init                              - Undefined Weak Reference
    _call_atexit_fns                          - Undefined Weak Reference
    _clock_init                               - Undefined Weak Reference
    _fp_trap_init                             - Undefined Weak Reference
    _fp_trap_shutdown                         - Undefined Weak Reference
    _get_lc_collate                           - Undefined Weak Reference
    _get_lc_ctype                             - Undefined Weak Reference
    _get_lc_monetary                          - Undefined Weak Reference
    _get_lc_numeric                           - Undefined Weak Reference
    _get_lc_time                              - Undefined Weak Reference
    _getenv_init                              - Undefined Weak Reference
    _handle_redirection                       - Undefined Weak Reference
    _init_alloc                               - Undefined Weak Reference
    _init_user_alloc                          - Undefined Weak Reference
    _initio                                   - Undefined Weak Reference
    _rand_init                                - Undefined Weak Reference
    _signal_finish                            - Undefined Weak Reference
    _signal_init                              - Undefined Weak Reference
    _terminate_alloc                          - Undefined Weak Reference
    _terminate_user_alloc                     - Undefined Weak Reference
    _terminateio                              - Undefined Weak Reference
    __Vectors_Size                           0x00000200   Number         0  startup_tm4c129.o ABSOLUTE
    __Vectors                                0x00004000   Data           4  startup_tm4c129.o(RESET)
    __Vectors_End                            0x00004200   Data           0  startup_tm4c129.o(RESET)
    __main                                   0x00004201   Thumb Code     8  __main.o(!!!main)
    __scatterload                            0x00004209   Thumb Code     0  __scatter.o(!!!scatter)
    __scatterload_rt2                        0x00004209   Thumb Code    44  __scatter.o(!!!scatter)
    __scatterload_rt2_thumb_only             0x00004209   Thumb Code     0  __scatter.o(!!!scatter)
    __scatterload_null                       0x00004217   Thumb Code     0  __scatter.o(!!!scatter)
    __decompress                             0x0000423d   Thumb Code    90  __dczerorl2.o(!!dczerorl2)
    __decompress1                            0x0000423d   Thumb Code     0  __dczerorl2.o(!!dczerorl2)
    __scatterload_zeroinit                   0x00004299   Thumb Code    28  __scatter_zi.o(!!handler_zi)
    __rt_lib_init                            0x000042b5   Thumb Code     0  libinit.o(.ARM.Collect$$libinit$$00000000)
    __rt_lib_init_fp_1                       0x000042b7   Thumb Code     0  libinit2.o(.ARM.Collect$$libinit$$00000001)
    __rt_lib_init_alloca_1                   0x000042bb   Thumb Code     0  libinit2.o(.ARM.Collect$$libinit$$0000002E)
    __rt_lib_init_argv_1                     0x000042bb   Thumb Code     0  libinit2.o(.ARM.Collect$$libinit$$0000002C)
    __rt_lib_init_atexit_1                   0x000042bb   Thumb Code     0  libinit2.o(.ARM.Collect$$libinit$$0000001B)
    __rt_lib_init_clock_1                    0x000042bb   Thumb Code     0  libinit2.o(.ARM.Collect$$libinit$$00000021)
    __rt_lib_init_cpp_1                      0x000042bb   Thumb Code     0  libinit2.o(.ARM.Collect$$libinit$$00000032)
    __rt_lib_init_exceptions_1               0x000042bb   Thumb Code     0  libinit2.o(.ARM.Collect$$libinit$$00000030)
    __rt_lib_init_fp_trap_1                  0x000042bb   Thumb Code     0  libinit2.o(.ARM.Collect$$libinit$$0000001F)
    __rt_lib_init_getenv_1                   0x000042bb   Thumb Code     0  libinit2.o(.ARM.Collect$$libinit$$00000023)
    __rt_lib_init_heap_1                     0x000042bb   Thumb Code     0  libinit2.o(.ARM.Collect$$libinit$$0000000A)
    __rt_lib_init_lc_collate_1               0x000042bb   Thumb Code     0  libinit2.o(.ARM.Collect$$libinit$$00000011)
    __rt_lib_init_lc_ctype_1                 0x000042bb   Thumb Code     0  libinit2.o(.ARM.Collect$$libinit$$00000013)
    __rt_lib_init_lc_monetary_1              0x000042bb   Thumb Code     0  libinit2.o(.ARM.Collect$$libinit$$00000015)
    __rt_lib_init_lc_numeric_1               0x000042bb   Thumb Code     0  libinit2.o(.ARM.Collect$$libinit$$00000017)
    __rt_lib_init_lc_time_1                  0x000042bb   Thumb Code     0  libinit2.o(.ARM.Collect$$libinit$$00000019)
    __rt_lib_init_preinit_1                  0x000042bb   Thumb Code     0  libinit2.o(.ARM.Collect$$libinit$$00000004)
    __rt_lib_init_rand_1                     0x000042bb   Thumb Code     0  libinit2.o(.ARM.Collect$$libinit$$0000000E)
    __rt_lib_init_return                     0x000042bb   Thumb Code     0  libinit2.o(.ARM.Collect$$libinit$$00000033)
    __rt_lib_init_signal_1                   0x000042bb   Thumb Code     0  libinit2.o(.ARM.Collect$$libinit$$0000001D)
    __rt_lib_init_stdio_1                    0x000042bb   Thumb Code     0  libinit2.o(.ARM.Collect$$libinit$$00000025)
    __rt_lib_init_user_alloc_1               0x000042bb   Thumb Code     0  libinit2.o(.ARM.Collect$$libinit$$0000000C)
    __rt_lib_shutdown                        0x000042bd   Thumb Code     0  libshutdown.o(.ARM.Collect$$libshutdown$$00000000)
    __rt_lib_shutdown_cpp_1                  0x000042bf   Thumb Code     0  libshutdown2.o(.ARM.Collect$$libshutdown$$00000004)
    __rt_lib_shutdown_fini_1                 0x000042bf   Thumb Code     0  libshutdown2.o(.ARM.Collect$$libshutdown$$00000002)
    __rt_lib_shutdown_fp_trap_1              0x000042bf   Thumb Code     0  libshutdown2.o(.ARM.Collect$$libshutdown$$00000009)
    __rt_lib_shutdown_heap_1                 0x000042bf   Thumb Code     0  libshutdown2.o(.ARM.Collect$$libshutdown$$00000011)
    __rt_lib_shutdown_return                 0x000042bf   Thumb Code     0  libshutdown2.o(.ARM.Collect$$libshutdown$$00000012)
    __rt_lib_shutdown_signal_1               0x000042bf   Thumb Code     0  libshutdown2.o(.ARM.Collect$$libshutdown$$0000000C)
    __rt_lib_shutdown_stdio_1                0x000042bf   Thumb Code     0  libshutdown2.o(.ARM.Collect$$libshutdown$$00000006)
    __rt_lib_shutdown_user_alloc_1           0x000042bf   Thumb Code     0  libshutdown2.o(.ARM.Collect$$libshutdown$$0000000E)
    __rt_entry                               0x000042c1   Thumb Code     0  __rtentry.o(.ARM.Collect$$rtentry$$00000000)
    __rt_entry_presh_1                       0x000042c1   Thumb Code     0  __rtentry2.o(.ARM.Collect$$rtentry$$00000002)
    __rt_entry_sh                            0x000042c1   Thumb Code     0  __rtentry4.o(.ARM.Collect$$rtentry$$00000004)
    __rt_entry_li                            0x000042c7   Thumb Code     0  __rtentry2.o(.ARM.Collect$$rtentry$$0000000A)
    __rt_entry_postsh_1                      0x000042c7   Thumb Code     0  __rtentry2.o(.ARM.Collect$$rtentry$$00000009)
    __rt_entry_main                          0x000042cb   Thumb Code     0  __rtentry2.o(.ARM.Collect$$rtentry$$0000000D)
    __rt_entry_postli_1                      0x000042cb   Thumb Code     0  __rtentry2.o(.ARM.Collect$$rtentry$$0000000C)
    __rt_exit                                0x000042d3   Thumb Code     0  rtexit.o(.ARM.Collect$$rtexit$$00000000)
    __rt_exit_ls                             0x000042d5   Thumb Code     0  rtexit2.o(.ARM.Collect$$rtexit$$00000003)
    __rt_exit_prels_1                        0x000042d5   Thumb Code     0  rtexit2.o(.ARM.Collect$$rtexit$$00000002)
    __rt_exit_exit                           0x000042d9   Thumb Code     0  rtexit2.o(.ARM.Collect$$rtexit$$00000004)
    CPUcpsid                                 0x000042e1   Thumb Code     8  cpu.o(.emb_text)
    CPUprimask                               0x000042e9   Thumb Code     6  cpu.o(.emb_text)
    CPUcpsie                                 0x000042ef   Thumb Code     8  cpu.o(.emb_text)
    CPUwfi                                   0x000042f7   Thumb Code     4  cpu.o(.emb_text)
    CPUbasepriSet                            0x000042fb   Thumb Code     6  cpu.o(.emb_text)
    CPUbasepriGet                            0x00004301   Thumb Code     6  cpu.o(.emb_text)
    Reset_Handler                            0x00004309   Thumb Code     8  startup_tm4c129.o(.text)
    NMI_Handler                              0x00004311   Thumb Code     2  startup_tm4c129.o(.text)
    HardFault_Handler                        0x00004313   Thumb Code     2  startup_tm4c129.o(.text)
    MemManage_Handler                        0x00004315   Thumb Code     2  startup_tm4c129.o(.text)
    BusFault_Handler                         0x00004317   Thumb Code     2  startup_tm4c129.o(.text)
    UsageFault_Handler                       0x00004319   Thumb Code     2  startup_tm4c129.o(.text)
    SVC_Handler                              0x0000431b   Thumb Code     2  startup_tm4c129.o(.text)
    DebugMon_Handler                         0x0000431d   Thumb Code     2  startup_tm4c129.o(.text)
    PendSV_Handler                           0x0000431f   Thumb Code     2  startup_tm4c129.o(.text)
    GPIOA_Handler                            0x00004323   Thumb Code     2  startup_tm4c129.o(.text)
    GPIOB_Handler                            0x00004325   Thumb Code     2  startup_tm4c129.o(.text)
    GPIOC_Handler                            0x00004327   Thumb Code     2  startup_tm4c129.o(.text)
    GPIOD_Handler                            0x00004329   Thumb Code     2  startup_tm4c129.o(.text)
    GPIOE_Handler                            0x0000432b   Thumb Code     2  startup_tm4c129.o(.text)
    UART1_Handler                            0x0000432f   Thumb Code     2  startup_tm4c129.o(.text)
    SSI0_Handler                             0x00004331   Thumb Code     2  startup_tm4c129.o(.text)
    I2C0_Handler                             0x00004333   Thumb Code     2  startup_tm4c129.o(.text)
    PMW0_FAULT_Handler                       0x00004335   Thumb Code     2  startup_tm4c129.o(.text)
    PWM0_0_Handler                           0x00004337   Thumb Code     2  startup_tm4c129.o(.text)
    PWM0_1_Handler                           0x00004339   Thumb Code     2  startup_tm4c129.o(.text)
    PWM0_2_Handler                           0x0000433b   Thumb Code     2  startup_tm4c129.o(.text)
    QEI0_Handler                             0x0000433d   Thumb Code     2  startup_tm4c129.o(.text)
    ADC0SS0_Handler                          0x0000433f   Thumb Code     2  startup_tm4c129.o(.text)
    ADC0SS1_Handler                          0x00004341   Thumb Code     2  startup_tm4c129.o(.text)
    ADC0SS2_Handler                          0x00004343   Thumb Code     2  startup_tm4c129.o(.text)
    ADC0SS3_Handler                          0x00004345   Thumb Code     2  startup_tm4c129.o(.text)
    WDT0_Handler                             0x00004347   Thumb Code     2  startup_tm4c129.o(.text)
    TIMER0A_Handler                          0x00004349   Thumb Code     2  startup_tm4c129.o(.text)
    TIMER0B_Handler                          0x0000434b   Thumb Code     2  startup_tm4c129.o(.text)
    TIMER1B_Handler                          0x0000434f   Thumb Code     2  startup_tm4c129.o(.text)
    TIMER2A_Handler                          0x00004351   Thumb Code     2  startup_tm4c129.o(.text)
    TIMER2B_Handler                          0x00004353   Thumb Code     2  startup_tm4c129.o(.text)
    COMP0_Handler                            0x00004355   Thumb Code     2  startup_tm4c129.o(.text)
    COMP1_Handler                            0x00004357   Thumb Code     2  startup_tm4c129.o(.text)
    COMP2_Handler                            0x00004359   Thumb Code     2  startup_tm4c129.o(.text)
    SYSCTL_Handler                           0x0000435b   Thumb Code     2  startup_tm4c129.o(.text)
    FLASH_Handler                            0x0000435d   Thumb Code     2  startup_tm4c129.o(.text)
    GPIOF_Handler                            0x0000435f   Thumb Code     2  startup_tm4c129.o(.text)
    GPIOG_Handler                            0x00004361   Thumb Code     2  startup_tm4c129.o(.text)
    GPIOH_Handler                            0x00004363   Thumb Code     2  startup_tm4c129.o(.text)
    UART2_Handler                            0x00004365   Thumb Code     2  startup_tm4c129.o(.text)
    SSI1_Handler                             0x00004367   Thumb Code     2  startup_tm4c129.o(.text)
    TIMER3A_Handler                          0x00004369   Thumb Code     2  startup_tm4c129.o(.text)
    TIMER3B_Handler                          0x0000436b   Thumb Code     2  startup_tm4c129.o(.text)
    I2C1_Handler                             0x0000436d   Thumb Code     2  startup_tm4c129.o(.text)
    CAN0_Handler                             0x0000436f   Thumb Code     2  startup_tm4c129.o(.text)
    CAN1_Handler                             0x00004371   Thumb Code     2  startup_tm4c129.o(.text)
    ETH_Handler                              0x00004373   Thumb Code     2  startup_tm4c129.o(.text)
    HIB_Handler                              0x00004375   Thumb Code     2  startup_tm4c129.o(.text)
    USB0_Handler                             0x00004377   Thumb Code     2  startup_tm4c129.o(.text)
    PWM0_3_Handler                           0x00004379   Thumb Code     2  startup_tm4c129.o(.text)
    UDMA_Handler                             0x0000437b   Thumb Code     2  startup_tm4c129.o(.text)
    UDMAERR_Handler                          0x0000437d   Thumb Code     2  startup_tm4c129.o(.text)
    ADC1SS0_Handler                          0x0000437f   Thumb Code     2  startup_tm4c129.o(.text)
    ADC1SS1_Handler                          0x00004381   Thumb Code     2  startup_tm4c129.o(.text)
    ADC1SS2_Handler                          0x00004383   Thumb Code     2  startup_tm4c129.o(.text)
    ADC1SS3_Handler                          0x00004385   Thumb Code     2  startup_tm4c129.o(.text)
    EBI0_Handler                             0x00004387   Thumb Code     2  startup_tm4c129.o(.text)
    GPIOJ_Handler                            0x00004389   Thumb Code     2  startup_tm4c129.o(.text)
    GPIOK_Handler                            0x0000438b   Thumb Code     2  startup_tm4c129.o(.text)
    GPIOL_Handler                            0x0000438d   Thumb Code     2  startup_tm4c129.o(.text)
    SSI2_Handler                             0x0000438f   Thumb Code     2  startup_tm4c129.o(.text)
    SSI3_Handler                             0x00004391   Thumb Code     2  startup_tm4c129.o(.text)
    UART3_Handler                            0x00004393   Thumb Code     2  startup_tm4c129.o(.text)
    UART4_Handler                            0x00004395   Thumb Code     2  startup_tm4c129.o(.text)
    UART5_Handler                            0x00004397   Thumb Code     2  startup_tm4c129.o(.text)
    UART6_Handler                            0x00004399   Thumb Code     2  startup_tm4c129.o(.text)
    UART7_Handler                            0x0000439b   Thumb Code     2  startup_tm4c129.o(.text)
    I2C2_Handler                             0x0000439d   Thumb Code     2  startup_tm4c129.o(.text)
    I2C3_Handler                             0x0000439f   Thumb Code     2  startup_tm4c129.o(.text)
    TIMER4A_Handler                          0x000043a1   Thumb Code     2  startup_tm4c129.o(.text)
    TIMER4B_Handler                          0x000043a3   Thumb Code     2  startup_tm4c129.o(.text)
    TIMER5A_Handler                          0x000043a5   Thumb Code     2  startup_tm4c129.o(.text)
    TIMER5B_Handler                          0x000043a7   Thumb Code     2  startup_tm4c129.o(.text)
    WTIMER0A_Handler                         0x000043a9   Thumb Code     2  startup_tm4c129.o(.text)
    WTIMER0B_Handler                         0x000043ab   Thumb Code     2  startup_tm4c129.o(.text)
    WTIMER1A_Handler                         0x000043ad   Thumb Code     2  startup_tm4c129.o(.text)
    WTIMER1B_Handler                         0x000043af   Thumb Code     2  startup_tm4c129.o(.text)
    WTIMER2A_Handler                         0x000043b1   Thumb Code     2  startup_tm4c129.o(.text)
    WTIMER2B_Handler                         0x000043b3   Thumb Code     2  startup_tm4c129.o(.text)
    WTIMER3A_Handler                         0x000043b5   Thumb Code     2  startup_tm4c129.o(.text)
    WTIMER3B_Handler                         0x000043b7   Thumb Code     2  startup_tm4c129.o(.text)
    WTIMER4A_Handler                         0x000043b9   Thumb Code     2  startup_tm4c129.o(.text)
    WTIMER4B_Handler                         0x000043bb   Thumb Code     2  startup_tm4c129.o(.text)
    WTIMER5A_Handler                         0x000043bd   Thumb Code     2  startup_tm4c129.o(.text)
    WTIMER5B_Handler                         0x000043bf   Thumb Code     2  startup_tm4c129.o(.text)
    FPU_Handler                              0x000043c1   Thumb Code     2  startup_tm4c129.o(.text)
    I2C4_Handler                             0x000043c3   Thumb Code     2  startup_tm4c129.o(.text)
    I2C5_Handler                             0x000043c5   Thumb Code     2  startup_tm4c129.o(.text)
    GPIOM_Handler                            0x000043c7   Thumb Code     2  startup_tm4c129.o(.text)
    GPION_Handler                            0x000043c9   Thumb Code     2  startup_tm4c129.o(.text)
    TAMPER_Handler                           0x000043cb   Thumb Code     2  startup_tm4c129.o(.text)
    GPIOP0_Handler                           0x000043cd   Thumb Code     2  startup_tm4c129.o(.text)
    GPIOP1_Handler                           0x000043cf   Thumb Code     2  startup_tm4c129.o(.text)
    GPIOP2_Handler                           0x000043d1   Thumb Code     2  startup_tm4c129.o(.text)
    GPIOP3_Handler                           0x000043d3   Thumb Code     2  startup_tm4c129.o(.text)
    GPIOP4_Handler                           0x000043d5   Thumb Code     2  startup_tm4c129.o(.text)
    GPIOP5_Handler                           0x000043d7   Thumb Code     2  startup_tm4c129.o(.text)
    GPIOP6_Handler                           0x000043d9   Thumb Code     2  startup_tm4c129.o(.text)
    GPIOP7_Handler                           0x000043db   Thumb Code     2  startup_tm4c129.o(.text)
    GPIOQ0_Handler                           0x000043dd   Thumb Code     2  startup_tm4c129.o(.text)
    GPIOQ1_Handler                           0x000043df   Thumb Code     2  startup_tm4c129.o(.text)
    GPIOQ2_Handler                           0x000043e1   Thumb Code     2  startup_tm4c129.o(.text)
    GPIOQ3_Handler                           0x000043e3   Thumb Code     2  startup_tm4c129.o(.text)
    GPIOQ4_Handler                           0x000043e5   Thumb Code     2  startup_tm4c129.o(.text)
    GPIOQ5_Handler                           0x000043e7   Thumb Code     2  startup_tm4c129.o(.text)
    GPIOQ6_Handler                           0x000043e9   Thumb Code     2  startup_tm4c129.o(.text)
    GPIOQ7_Handler                           0x000043eb   Thumb Code     2  startup_tm4c129.o(.text)
    GPIOR_Handler                            0x000043ed   Thumb Code     2  startup_tm4c129.o(.text)
    GPIOS_Handler                            0x000043ef   Thumb Code     2  startup_tm4c129.o(.text)
    SHAMD5_Handler                           0x000043f1   Thumb Code     2  startup_tm4c129.o(.text)
    AES_Handler                              0x000043f3   Thumb Code     2  startup_tm4c129.o(.text)
    DES3DES_Handler                          0x000043f5   Thumb Code     2  startup_tm4c129.o(.text)
    LCDCONTROLLER_Handler                    0x000043f7   Thumb Code     2  startup_tm4c129.o(.text)
    TIMER6A_Handler                          0x000043f9   Thumb Code     2  startup_tm4c129.o(.text)
    TIMER6B_Handler                          0x000043fb   Thumb Code     2  startup_tm4c129.o(.text)
    TIMER7A_Handler                          0x000043fd   Thumb Code     2  startup_tm4c129.o(.text)
    TIMER7B_Handler                          0x000043ff   Thumb Code     2  startup_tm4c129.o(.text)
    I2C6_Handler                             0x00004401   Thumb Code     2  startup_tm4c129.o(.text)
    I2C7_Handler                             0x00004403   Thumb Code     2  startup_tm4c129.o(.text)
    HIMSCANKEYBOARD_Handler                  0x00004405   Thumb Code     2  startup_tm4c129.o(.text)
    ONEWIRE_Handler                          0x00004407   Thumb Code     2  startup_tm4c129.o(.text)
    HIMPS2_Handler                           0x00004409   Thumb Code     2  startup_tm4c129.o(.text)
    HIMLEDSEQUENCER_Handler                  0x0000440b   Thumb Code     2  startup_tm4c129.o(.text)
    HIMCONSUMERIR_Handler                    0x0000440d   Thumb Code     2  startup_tm4c129.o(.text)
    I2C8_Handler                             0x0000440f   Thumb Code     2  startup_tm4c129.o(.text)
    I2C9_Handler                             0x00004411   Thumb Code     2  startup_tm4c129.o(.text)
    GPIOT_Handler                            0x00004413   Thumb Code     2  startup_tm4c129.o(.text)
    __user_initial_stackheap                 0x00004415   Thumb Code     0  startup_tm4c129.o(.text)
    strcpy                                   0x00004435   Thumb Code    72  strcpy.o(.text)
    strncmp                                  0x0000447d   Thumb Code   150  strncmp.o(.text)
    strcat                                   0x00004513   Thumb Code    24  strcat.o(.text)
    __aeabi_memcpy4                          0x0000452b   Thumb Code     0  rt_memcpy_w.o(.text)
    __aeabi_memcpy8                          0x0000452b   Thumb Code     0  rt_memcpy_w.o(.text)
    __rt_memcpy_w                            0x0000452b   Thumb Code   100  rt_memcpy_w.o(.text)
    _memcpy_lastbytes_aligned                0x00004573   Thumb Code     0  rt_memcpy_w.o(.text)
    strcmp                                   0x00004591   Thumb Code   128  strcmpv7m.o(.text)
    __use_two_region_memory                  0x00004611   Thumb Code     2  heapauxi.o(.text)
    __rt_heap_escrow$2region                 0x00004613   Thumb Code     2  heapauxi.o(.text)
    __rt_heap_expand$2region                 0x00004615   Thumb Code     2  heapauxi.o(.text)
    __user_setup_stackheap                   0x00004617   Thumb Code    74  sys_stackheap_outer.o(.text)
    exit                                     0x00004661   Thumb Code    18  exit.o(.text)
    __user_libspace                          0x00004675   Thumb Code     8  libspace.o(.text)
    __user_perproc_libspace                  0x00004675   Thumb Code     0  libspace.o(.text)
    __user_perthread_libspace                0x00004675   Thumb Code     0  libspace.o(.text)
    _sys_exit                                0x0000467d   Thumb Code     8  sys_exit.o(.text)
    __I$use$semihosting                      0x00004689   Thumb Code     0  use_no_semi.o(.text)
    __use_no_semihosting_swi                 0x00004689   Thumb Code     2  use_no_semi.o(.text)
    __semihosting_library_function           0x0000468b   Thumb Code     0  indicate_semi.o(.text)
    AlarmGen                                 0x0000468d   Thumb Code   124  myclock.o(i.AlarmGen)
    AlarmSend                                0x00004719   Thumb Code    32  myclock.o(i.AlarmSend)
    BootScreen                               0x00004741   Thumb Code   278  myclock.o(i.BootScreen)
    CharEcho                                 0x00004911   Thumb Code    36  myclock.o(i.CharEcho)
    ClockGen                                 0x00004939   Thumb Code   244  myclock.o(i.ClockGen)
    DateGen                                  0x00004a45   Thumb Code   340  myclock.o(i.DateGen)
    DateSend                                 0x00004bbd   Thumb Code    32  myclock.o(i.DateSend)
    Delay                                    0x00004be5   Thumb Code    12  myclock.o(i.Delay)
    Device_Init                              0x00004bf1   Thumb Code    66  myclock.o(i.Device_Init)
    DigitWrite                               0x00004c41   Thumb Code    98  myclock.o(i.DigitWrite)
    DisplayModeOn                            0x00004ca9   Thumb Code   390  myclock.o(i.DisplayModeOn)
    ErrorSend                                0x00004e51   Thumb Code    16  myclock.o(i.ErrorSend)
    GPIODirModeSet                           0x00004e89   Thumb Code    40  gpio.o(i.GPIODirModeSet)
    GPIOPadConfigSet                         0x00004eb1   Thumb Code   312  gpio.o(i.GPIOPadConfigSet)
    GPIOPinConfigure                         0x00004fe9   Thumb Code    60  gpio.o(i.GPIOPinConfigure)
    GPIOPinRead                              0x0000502d   Thumb Code     6  gpio.o(i.GPIOPinRead)
    GPIOPinTypeGPIOInput                     0x00005033   Thumb Code    28  gpio.o(i.GPIOPinTypeGPIOInput)
    GPIOPinTypeGPIOOutput                    0x0000504f   Thumb Code    28  gpio.o(i.GPIOPinTypeGPIOOutput)
    GPIOPinTypeI2C                           0x0000506b   Thumb Code    28  gpio.o(i.GPIOPinTypeI2C)
    GPIOPinTypeI2CSCL                        0x00005087   Thumb Code    28  gpio.o(i.GPIOPinTypeI2CSCL)
    GPIOPinTypePWM                           0x000050a3   Thumb Code    28  gpio.o(i.GPIOPinTypePWM)
    GPIOPinTypeUART                          0x000050bf   Thumb Code    28  gpio.o(i.GPIOPinTypeUART)
    GPIOPinWrite                             0x000050db   Thumb Code     6  gpio.o(i.GPIOPinWrite)
    HelpSend                                 0x000050e1   Thumb Code   100  myclock.o(i.HelpSend)
    I2C0_ReadByte                            0x0000534d   Thumb Code   114  myclock.o(i.I2C0_ReadByte)
    I2C0_WriteByte                           0x000053c5   Thumb Code    76  myclock.o(i.I2C0_WriteByte)
    I2CMasterBusBusy                         0x00005415   Thumb Code    12  i2c.o(i.I2CMasterBusBusy)
    I2CMasterBusy                            0x00005421   Thumb Code    12  i2c.o(i.I2CMasterBusy)
    I2CMasterControl                         0x0000542d   Thumb Code     4  i2c.o(i.I2CMasterControl)
    I2CMasterDataGet                         0x00005431   Thumb Code     4  i2c.o(i.I2CMasterDataGet)
    I2CMasterDataPut                         0x00005435   Thumb Code     4  i2c.o(i.I2CMasterDataPut)
    I2CMasterEnable                          0x00005439   Thumb Code    10  i2c.o(i.I2CMasterEnable)
    I2CMasterInitExpClk                      0x00005445   Thumb Code    72  i2c.o(i.I2CMasterInitExpClk)
    I2CMasterSlaveAddrSet                    0x00005499   Thumb Code     8  i2c.o(i.I2CMasterSlaveAddrSet)
    IntEnable                                0x000054a1   Thumb Code    92  interrupt.o(i.IntEnable)
    IntMasterEnable                          0x00005505   Thumb Code    14  interrupt.o(i.IntMasterEnable)
    IntPriorityGroupingSet                   0x00005515   Thumb Code    20  interrupt.o(i.IntPriorityGroupingSet)
    IntPrioritySet                           0x00005531   Thumb Code    36  interrupt.o(i.IntPrioritySet)
    KeyDecoder                               0x00005559   Thumb Code   400  myclock.o(i.KeyDecoder)
    LedLight                                 0x00005721   Thumb Code    18  myclock.o(i.LedLight)
    ModeSelect                               0x00005735   Thumb Code    90  myclock.o(i.ModeSelect)
    PWMGenConfigure                          0x000057ad   Thumb Code    38  pwm.o(i.PWMGenConfigure)
    PWMGenDisable                            0x000057d3   Thumb Code    10  pwm.o(i.PWMGenDisable)
    PWMGenEnable                             0x000057dd   Thumb Code    10  pwm.o(i.PWMGenEnable)
    PWMGenPeriodGet                          0x000057e7   Thumb Code    18  pwm.o(i.PWMGenPeriodGet)
    PWMGenPeriodSet                          0x000057f9   Thumb Code    18  pwm.o(i.PWMGenPeriodSet)
    PWMOutputState                           0x0000580b   Thumb Code    16  pwm.o(i.PWMOutputState)
    PWMPulseWidthSet                         0x0000581b   Thumb Code    32  pwm.o(i.PWMPulseWidthSet)
    PWM_Init                                 0x0000583d   Thumb Code    82  myclock.o(i.PWM_Init)
    RunningWaterStrProcess                   0x000058a5   Thumb Code    60  myclock.o(i.RunningWaterStrProcess)
    S800_GPIO_Init                           0x000058ed   Thumb Code   110  myclock.o(i.S800_GPIO_Init)
    S800_I2C0_Init                           0x0000596d   Thumb Code   112  myclock.o(i.S800_I2C0_Init)
    S800_UART_Init                           0x000059f9   Thumb Code    98  myclock.o(i.S800_UART_Init)
    SetAlarm                                 0x00005a91   Thumb Code    20  myclock.o(i.SetAlarm)
    SetDate                                  0x00005ab1   Thumb Code   762  myclock.o(i.SetDate)
    SetModeOn                                0x00005dd9   Thumb Code   256  myclock.o(i.SetModeOn)
    SetMusicOff                              0x00005f29   Thumb Code     8  myclock.o(i.SetMusicOff)
    SetMusicOn                               0x00005f35   Thumb Code    14  myclock.o(i.SetMusicOn)
    SetTime                                  0x00005f4d   Thumb Code   470  myclock.o(i.SetTime)
    SysCtlClockFreqSet                       0x00006151   Thumb Code   706  sysctl.o(i.SysCtlClockFreqSet)
    SysCtlPeripheralEnable                   0x0000643d   Thumb Code    36  sysctl.o(i.SysCtlPeripheralEnable)
    SysCtlPeripheralReady                    0x00006465   Thumb Code    40  sysctl.o(i.SysCtlPeripheralReady)
    SysTickEnable                            0x00006491   Thumb Code    14  systick.o(i.SysTickEnable)
    SysTickIntEnable                         0x0000649f   Thumb Code    14  systick.o(i.SysTickIntEnable)
    SysTickPeriodSet                         0x000064ad   Thumb Code    10  systick.o(i.SysTickPeriodSet)
    SysTick_Handler                          0x000064b9   Thumb Code   136  myclock.o(i.SysTick_Handler)
    SysTick_Init                             0x00006569   Thumb Code    30  myclock.o(i.SysTick_Init)
    SystemInit                               0x0000658d   Thumb Code    20  system_tm4c129.o(i.SystemInit)
    TIMER1A_Handler                          0x000065ad   Thumb Code   250  myclock.o(i.TIMER1A_Handler)
    TimeSend                                 0x000066d5   Thumb Code    32  myclock.o(i.TimeSend)
    Timer1_Init                              0x000066fd   Thumb Code    52  myclock.o(i.Timer1_Init)
    TimerConfigure                           0x0000673d   Thumb Code    88  timer.o(i.TimerConfigure)
    TimerEnable                              0x0000679d   Thumb Code    14  timer.o(i.TimerEnable)
    TimerIntClear                            0x000067ab   Thumb Code     4  timer.o(i.TimerIntClear)
    TimerIntEnable                           0x000067af   Thumb Code     8  timer.o(i.TimerIntEnable)
    TimerLoadSet                             0x000067b7   Thumb Code    18  timer.o(i.TimerLoadSet)
    UART0_Handler                            0x000067c9   Thumb Code   166  myclock.o(i.UART0_Handler)
    UARTCharGetNonBlocking                   0x00006885   Thumb Code    16  uart.o(i.UARTCharGetNonBlocking)
    UARTCharPut                              0x00006895   Thumb Code    12  uart.o(i.UARTCharPut)
    UARTCharPutNonBlocking                   0x000068a1   Thumb Code    16  uart.o(i.UARTCharPutNonBlocking)
    UARTCharsAvail                           0x000068b1   Thumb Code    10  uart.o(i.UARTCharsAvail)
    UARTCmdProcess                           0x000068bd   Thumb Code   646  myclock.o(i.UARTCmdProcess)
    UARTConfigSetExpClk                      0x00006c09   Thumb Code   110  uart.o(i.UARTConfigSetExpClk)
    UARTFIFOLevelSet                         0x00006c77   Thumb Code     6  uart.o(i.UARTFIFOLevelSet)
    UARTIntClear                             0x00006c7d   Thumb Code     4  uart.o(i.UARTIntClear)
    UARTIntEnable                            0x00006c81   Thumb Code     8  uart.o(i.UARTIntEnable)
    UARTIntStatus                            0x00006c89   Thumb Code    10  uart.o(i.UARTIntStatus)
    UARTStringPut                            0x00006c95   Thumb Code    24  myclock.o(i.UARTStringPut)
    UARTStringPutNonBlocking                 0x00006cb1   Thumb Code    24  myclock.o(i.UARTStringPutNonBlocking)
    main                                     0x00006ccd   Thumb Code   152  myclock.o(i.main)
    __aeabi_ddiv                             0x00006d99   Thumb Code     0  ddiv.o(x$fpl$ddiv)
    _ddiv                                    0x00006d99   Thumb Code   552  ddiv.o(x$fpl$ddiv)
    __aeabi_d2uiz                            0x00007049   Thumb Code     0  dfixu.o(x$fpl$dfixu)
    _dfixu                                   0x00007049   Thumb Code    90  dfixu.o(x$fpl$dfixu)
    __aeabi_ui2d                             0x000070a3   Thumb Code     0  dflt_clz.o(x$fpl$dfltu)
    _dfltu                                   0x000070a3   Thumb Code    38  dflt_clz.o(x$fpl$dfltu)
    __aeabi_dmul                             0x000070c9   Thumb Code     0  dmul.o(x$fpl$dmul)
    _dmul                                    0x000070c9   Thumb Code   332  dmul.o(x$fpl$dmul)
    __fpl_dnaninf                            0x0000721d   Thumb Code   156  dnaninf.o(x$fpl$dnaninf)
    __fpl_dretinf                            0x000072b9   Thumb Code    12  dretinf.o(x$fpl$dretinf)
    __aeabi_f2d                              0x000072c5   Thumb Code     0  f2d.o(x$fpl$f2d)
    _f2d                                     0x000072c5   Thumb Code    86  f2d.o(x$fpl$f2d)
    __fpl_fnaninf                            0x0000731b   Thumb Code   140  fnaninf.o(x$fpl$fnaninf)
    _fp_init                                 0x000073a7   Thumb Code    10  fpinit.o(x$fpl$fpinit)
    __fplib_config_fpu_vfp                   0x000073af   Thumb Code     0  fpinit.o(x$fpl$fpinit)
    __fplib_config_pureend_doubles           0x000073af   Thumb Code     0  fpinit.o(x$fpl$fpinit)
    __I$use$fp                               0x000073b0   Number         0  usenofp.o(x$fpl$usenofp)
    Region$$Table$$Base                      0x00007974   Number         0  anon$$obj.o(Region$$Table)
    Region$$Table$$Limit                     0x00007994   Number         0  anon$$obj.o(Region$$Table)
    systick_1ms_couter                       0x20000000   Data           2  myclock.o(.data)
    systick_10ms_couter                      0x20000002   Data           2  myclock.o(.data)
    systick_250ms_couter                     0x20000004   Data           2  myclock.o(.data)
    systick_500ms_couter                     0x20000006   Data           2  myclock.o(.data)
    systick_1000ms_couter                    0x20000008   Data           2  myclock.o(.data)
    systick_1ms_status                       0x2000000a   Data           1  myclock.o(.data)
    systick_10ms_status                      0x2000000b   Data           1  myclock.o(.data)
    systick_250ms_status                     0x2000000c   Data           1  myclock.o(.data)
    systick_500ms_status                     0x2000000d   Data           1  myclock.o(.data)
    systick_1000ms_status                    0x2000000e   Data           1  myclock.o(.data)
    gpio_status                              0x2000000f   Data           1  myclock.o(.data)
    gpio_flash_cnt                           0x20000010   Data           2  myclock.o(.data)
    ui32SysClock                             0x20000014   Data           4  myclock.o(.data)
    DisplayStatus                            0x20000018   Data           1  myclock.o(.data)
    seg7                                     0x20000019   Data          11  myclock.o(.data)
    ABCs                                     0x20000024   Data          26  myclock.o(.data)
    uart_receive_char                        0x2000003e   Data           1  myclock.o(.data)
    uart_receive_status                      0x2000003f   Data           1  myclock.o(.data)
    uart_char_curIdx                         0x20000040   Data           1  myclock.o(.data)
    hh                                       0x20000041   Data           1  myclock.o(.data)
    mm                                       0x20000042   Data           1  myclock.o(.data)
    ss                                       0x20000043   Data           1  myclock.o(.data)
    h                                        0x20000044   Data           1  myclock.o(.data)
    m                                        0x20000045   Data           1  myclock.o(.data)
    s                                        0x20000046   Data           1  myclock.o(.data)
    digits1                                  0x20000047   Data           8  myclock.o(.data)
    timeStr                                  0x2000004f   Data           9  myclock.o(.data)
    year                                     0x20000058   Data           2  myclock.o(.data)
    mon                                      0x2000005a   Data           1  myclock.o(.data)
    day                                      0x2000005b   Data           1  myclock.o(.data)
    y1                                       0x2000005c   Data           2  myclock.o(.data)
    m1                                       0x2000005e   Data           2  myclock.o(.data)
    d1                                       0x20000060   Data           2  myclock.o(.data)
    digits2                                  0x20000062   Data           8  myclock.o(.data)
    dateStr                                  0x2000006a   Data          11  myclock.o(.data)
    AlarmH                                   0x20000075   Data           1  myclock.o(.data)
    AlarmM                                   0x20000076   Data           1  myclock.o(.data)
    AlarmS                                   0x20000077   Data           1  myclock.o(.data)
    alarmStr                                 0x20000078   Data           9  myclock.o(.data)
    key_mode                                 0x20000081   Data           1  myclock.o(.data)
    key_status                               0x20000082   Data           1  myclock.o(.data)
    key_value                                0x20000083   Data           1  myclock.o(.data)
    key_right                                0x20000084   Data           1  myclock.o(.data)
    key_left                                 0x20000085   Data           1  myclock.o(.data)
    key_enter                                0x20000086   Data           1  myclock.o(.data)
    key_plus_status                          0x20000087   Data           1  myclock.o(.data)
    key_plus                                 0x20000088   Data           1  myclock.o(.data)
    key_minus_status                         0x20000089   Data           1  myclock.o(.data)
    key_minus                                0x2000008a   Data           1  myclock.o(.data)
    key_left_timer                           0x2000008c   Data           2  myclock.o(.data)
    key_right_timer                          0x2000008e   Data           2  myclock.o(.data)
    freqs                                    0x20000090   Data         694  myclock.o(.data)
    time                                     0x20000348   Data        1388  myclock.o(.data)
    SizeOfSong                               0x200008b4   Data           2  myclock.o(.data)
    CurPos                                   0x200008b6   Data           2  myclock.o(.data)
    BeatTime                                 0x200008b8   Data           2  myclock.o(.data)
    MusicOn                                  0x200008ba   Data           1  myclock.o(.data)
    temp                                     0x200008bc   Data           4  myclock.o(.data)
    RunningIdx                               0x200008c0   Data           1  myclock.o(.data)
    LedPos                                   0x200008c1   Data           1  myclock.o(.data)
    SystemCoreClock                          0x200008c4   Data           4  system_tm4c129.o(.data)
    uart_char_buffer                         0x200008c8   Data         200  myclock.o(.bss)
    fullStr                                  0x20000990   Data          27  myclock.o(.bss)
    __libspace_start                         0x200009ac   Data          96  libspace.o(.bss)
    __temporary_stack_top$libspace           0x20000a0c   Data           0  libspace.o(.bss)



==============================================================================

Memory Map of the image

  Image Entry point : 0x00004201

  Load Region LR_IROM1 (Base: 0x00004000, Size: 0x0000425c, Max: 0x00100000, ABSOLUTE, COMPRESSED[0x00003b4c])

    Execution Region ER_IROM1 (Exec base: 0x00004000, Load base: 0x00004000, Size: 0x00003994, Max: 0x00100000, ABSOLUTE)

    Exec Addr    Load Addr    Size         Type   Attr      Idx    E Section Name        Object

    0x00004000   0x00004000   0x00000200   Data   RO          310    RESET               startup_tm4c129.o
    0x00004200   0x00004200   0x00000008   Code   RO         2360  * !!!main             c_w.l(__main.o)
    0x00004208   0x00004208   0x00000034   Code   RO         2546    !!!scatter          c_w.l(__scatter.o)
    0x0000423c   0x0000423c   0x0000005a   Code   RO         2544    !!dczerorl2         c_w.l(__dczerorl2.o)
    0x00004296   0x00004296   0x00000002   PAD
    0x00004298   0x00004298   0x0000001c   Code   RO         2548    !!handler_zi        c_w.l(__scatter_zi.o)
    0x000042b4   0x000042b4   0x00000002   Code   RO         2412    .ARM.Collect$$libinit$$00000000  c_w.l(libinit.o)
    0x000042b6   0x000042b6   0x00000004   Code   RO         2418    .ARM.Collect$$libinit$$00000001  c_w.l(libinit2.o)
    0x000042ba   0x000042ba   0x00000000   Code   RO         2421    .ARM.Collect$$libinit$$00000004  c_w.l(libinit2.o)
    0x000042ba   0x000042ba   0x00000000   Code   RO         2424    .ARM.Collect$$libinit$$0000000A  c_w.l(libinit2.o)
    0x000042ba   0x000042ba   0x00000000   Code   RO         2426    .ARM.Collect$$libinit$$0000000C  c_w.l(libinit2.o)
    0x000042ba   0x000042ba   0x00000000   Code   RO         2428    .ARM.Collect$$libinit$$0000000E  c_w.l(libinit2.o)
    0x000042ba   0x000042ba   0x00000000   Code   RO         2431    .ARM.Collect$$libinit$$00000011  c_w.l(libinit2.o)
    0x000042ba   0x000042ba   0x00000000   Code   RO         2433    .ARM.Collect$$libinit$$00000013  c_w.l(libinit2.o)
    0x000042ba   0x000042ba   0x00000000   Code   RO         2435    .ARM.Collect$$libinit$$00000015  c_w.l(libinit2.o)
    0x000042ba   0x000042ba   0x00000000   Code   RO         2437    .ARM.Collect$$libinit$$00000017  c_w.l(libinit2.o)
    0x000042ba   0x000042ba   0x00000000   Code   RO         2439    .ARM.Collect$$libinit$$00000019  c_w.l(libinit2.o)
    0x000042ba   0x000042ba   0x00000000   Code   RO         2441    .ARM.Collect$$libinit$$0000001B  c_w.l(libinit2.o)
    0x000042ba   0x000042ba   0x00000000   Code   RO         2443    .ARM.Collect$$libinit$$0000001D  c_w.l(libinit2.o)
    0x000042ba   0x000042ba   0x00000000   Code   RO         2445    .ARM.Collect$$libinit$$0000001F  c_w.l(libinit2.o)
    0x000042ba   0x000042ba   0x00000000   Code   RO         2447    .ARM.Collect$$libinit$$00000021  c_w.l(libinit2.o)
    0x000042ba   0x000042ba   0x00000000   Code   RO         2449    .ARM.Collect$$libinit$$00000023  c_w.l(libinit2.o)
    0x000042ba   0x000042ba   0x00000000   Code   RO         2451    .ARM.Collect$$libinit$$00000025  c_w.l(libinit2.o)
    0x000042ba   0x000042ba   0x00000000   Code   RO         2455    .ARM.Collect$$libinit$$0000002C  c_w.l(libinit2.o)
    0x000042ba   0x000042ba   0x00000000   Code   RO         2457    .ARM.Collect$$libinit$$0000002E  c_w.l(libinit2.o)
    0x000042ba   0x000042ba   0x00000000   Code   RO         2459    .ARM.Collect$$libinit$$00000030  c_w.l(libinit2.o)
    0x000042ba   0x000042ba   0x00000000   Code   RO         2461    .ARM.Collect$$libinit$$00000032  c_w.l(libinit2.o)
    0x000042ba   0x000042ba   0x00000002   Code   RO         2462    .ARM.Collect$$libinit$$00000033  c_w.l(libinit2.o)
    0x000042bc   0x000042bc   0x00000002   Code   RO         2482    .ARM.Collect$$libshutdown$$00000000  c_w.l(libshutdown.o)
    0x000042be   0x000042be   0x00000000   Code   RO         2495    .ARM.Collect$$libshutdown$$00000002  c_w.l(libshutdown2.o)
    0x000042be   0x000042be   0x00000000   Code   RO         2497    .ARM.Collect$$libshutdown$$00000004  c_w.l(libshutdown2.o)
    0x000042be   0x000042be   0x00000000   Code   RO         2499    .ARM.Collect$$libshutdown$$00000006  c_w.l(libshutdown2.o)
    0x000042be   0x000042be   0x00000000   Code   RO         2502    .ARM.Collect$$libshutdown$$00000009  c_w.l(libshutdown2.o)
    0x000042be   0x000042be   0x00000000   Code   RO         2505    .ARM.Collect$$libshutdown$$0000000C  c_w.l(libshutdown2.o)
    0x000042be   0x000042be   0x00000000   Code   RO         2507    .ARM.Collect$$libshutdown$$0000000E  c_w.l(libshutdown2.o)
    0x000042be   0x000042be   0x00000000   Code   RO         2510    .ARM.Collect$$libshutdown$$00000011  c_w.l(libshutdown2.o)
    0x000042be   0x000042be   0x00000002   Code   RO         2511    .ARM.Collect$$libshutdown$$00000012  c_w.l(libshutdown2.o)
    0x000042c0   0x000042c0   0x00000000   Code   RO         2380    .ARM.Collect$$rtentry$$00000000  c_w.l(__rtentry.o)
    0x000042c0   0x000042c0   0x00000000   Code   RO         2389    .ARM.Collect$$rtentry$$00000002  c_w.l(__rtentry2.o)
    0x000042c0   0x000042c0   0x00000006   Code   RO         2401    .ARM.Collect$$rtentry$$00000004  c_w.l(__rtentry4.o)
    0x000042c6   0x000042c6   0x00000000   Code   RO         2391    .ARM.Collect$$rtentry$$00000009  c_w.l(__rtentry2.o)
    0x000042c6   0x000042c6   0x00000004   Code   RO         2392    .ARM.Collect$$rtentry$$0000000A  c_w.l(__rtentry2.o)
    0x000042ca   0x000042ca   0x00000000   Code   RO         2394    .ARM.Collect$$rtentry$$0000000C  c_w.l(__rtentry2.o)
    0x000042ca   0x000042ca   0x00000008   Code   RO         2395    .ARM.Collect$$rtentry$$0000000D  c_w.l(__rtentry2.o)
    0x000042d2   0x000042d2   0x00000002   Code   RO         2416    .ARM.Collect$$rtexit$$00000000  c_w.l(rtexit.o)
    0x000042d4   0x000042d4   0x00000000   Code   RO         2464    .ARM.Collect$$rtexit$$00000002  c_w.l(rtexit2.o)
    0x000042d4   0x000042d4   0x00000004   Code   RO         2465    .ARM.Collect$$rtexit$$00000003  c_w.l(rtexit2.o)
    0x000042d8   0x000042d8   0x00000006   Code   RO         2466    .ARM.Collect$$rtexit$$00000004  c_w.l(rtexit2.o)
    0x000042de   0x000042de   0x00000002   PAD
    0x000042e0   0x000042e0   0x00000026   Code   RO         2336    .emb_text           driverlib.lib(cpu.o)
    0x00004306   0x00004306   0x00000002   PAD
    0x00004308   0x00004308   0x0000012c   Code   RO          311    .text               startup_tm4c129.o
    0x00004434   0x00004434   0x00000048   Code   RO         2348    .text               c_w.l(strcpy.o)
    0x0000447c   0x0000447c   0x00000096   Code   RO         2350    .text               c_w.l(strncmp.o)
    0x00004512   0x00004512   0x00000018   Code   RO         2352    .text               c_w.l(strcat.o)
    0x0000452a   0x0000452a   0x00000064   Code   RO         2354    .text               c_w.l(rt_memcpy_w.o)
    0x0000458e   0x0000458e   0x00000002   PAD
    0x00004590   0x00004590   0x00000080   Code   RO         2356    .text               c_w.l(strcmpv7m.o)
    0x00004610   0x00004610   0x00000006   Code   RO         2358    .text               c_w.l(heapauxi.o)
    0x00004616   0x00004616   0x0000004a   Code   RO         2403    .text               c_w.l(sys_stackheap_outer.o)
    0x00004660   0x00004660   0x00000012   Code   RO         2405    .text               c_w.l(exit.o)
    0x00004672   0x00004672   0x00000002   PAD
    0x00004674   0x00004674   0x00000008   Code   RO         2413    .text               c_w.l(libspace.o)
    0x0000467c   0x0000467c   0x0000000c   Code   RO         2474    .text               c_w.l(sys_exit.o)
    0x00004688   0x00004688   0x00000002   Code   RO         2485    .text               c_w.l(use_no_semi.o)
    0x0000468a   0x0000468a   0x00000000   Code   RO         2487    .text               c_w.l(indicate_semi.o)
    0x0000468a   0x0000468a   0x00000002   PAD
    0x0000468c   0x0000468c   0x0000008c   Code   RO            1    i.AlarmGen          myclock.o
    0x00004718   0x00004718   0x00000028   Code   RO            2    i.AlarmSend         myclock.o
    0x00004740   0x00004740   0x000001d0   Code   RO            3    i.BootScreen        myclock.o
    0x00004910   0x00004910   0x00000028   Code   RO            4    i.CharEcho          myclock.o
    0x00004938   0x00004938   0x0000010c   Code   RO            5    i.ClockGen          myclock.o
    0x00004a44   0x00004a44   0x00000178   Code   RO            6    i.DateGen           myclock.o
    0x00004bbc   0x00004bbc   0x00000028   Code   RO            7    i.DateSend          myclock.o
    0x00004be4   0x00004be4   0x0000000c   Code   RO            8    i.Delay             myclock.o
    0x00004bf0   0x00004bf0   0x00000050   Code   RO            9    i.Device_Init       myclock.o
    0x00004c40   0x00004c40   0x00000068   Code   RO           10    i.DigitWrite        myclock.o
    0x00004ca8   0x00004ca8   0x000001a8   Code   RO           11    i.DisplayModeOn     myclock.o
    0x00004e50   0x00004e50   0x00000038   Code   RO           12    i.ErrorSend         myclock.o
    0x00004e88   0x00004e88   0x00000028   Code   RO          376    i.GPIODirModeSet    driverlib.lib(gpio.o)
    0x00004eb0   0x00004eb0   0x00000138   Code   RO          388    i.GPIOPadConfigSet  driverlib.lib(gpio.o)
    0x00004fe8   0x00004fe8   0x00000044   Code   RO          389    i.GPIOPinConfigure  driverlib.lib(gpio.o)
    0x0000502c   0x0000502c   0x00000006   Code   RO          390    i.GPIOPinRead       driverlib.lib(gpio.o)
    0x00005032   0x00005032   0x0000001c   Code   RO          399    i.GPIOPinTypeGPIOInput  driverlib.lib(gpio.o)
    0x0000504e   0x0000504e   0x0000001c   Code   RO          400    i.GPIOPinTypeGPIOOutput  driverlib.lib(gpio.o)
    0x0000506a   0x0000506a   0x0000001c   Code   RO          403    i.GPIOPinTypeI2C    driverlib.lib(gpio.o)
    0x00005086   0x00005086   0x0000001c   Code   RO          404    i.GPIOPinTypeI2CSCL  driverlib.lib(gpio.o)
    0x000050a2   0x000050a2   0x0000001c   Code   RO          407    i.GPIOPinTypePWM    driverlib.lib(gpio.o)
    0x000050be   0x000050be   0x0000001c   Code   RO          412    i.GPIOPinTypeUART   driverlib.lib(gpio.o)
    0x000050da   0x000050da   0x00000006   Code   RO          418    i.GPIOPinWrite      driverlib.lib(gpio.o)
    0x000050e0   0x000050e0   0x0000026c   Code   RO           13    i.HelpSend          myclock.o
    0x0000534c   0x0000534c   0x00000078   Code   RO           14    i.I2C0_ReadByte     myclock.o
    0x000053c4   0x000053c4   0x00000050   Code   RO           15    i.I2C0_WriteByte    myclock.o
    0x00005414   0x00005414   0x0000000c   Code   RO          712    i.I2CMasterBusBusy  driverlib.lib(i2c.o)
    0x00005420   0x00005420   0x0000000c   Code   RO          713    i.I2CMasterBusy     driverlib.lib(i2c.o)
    0x0000542c   0x0000542c   0x00000004   Code   RO          714    i.I2CMasterControl  driverlib.lib(i2c.o)
    0x00005430   0x00005430   0x00000004   Code   RO          715    i.I2CMasterDataGet  driverlib.lib(i2c.o)
    0x00005434   0x00005434   0x00000004   Code   RO          716    i.I2CMasterDataPut  driverlib.lib(i2c.o)
    0x00005438   0x00005438   0x0000000a   Code   RO          718    i.I2CMasterEnable   driverlib.lib(i2c.o)
    0x00005442   0x00005442   0x00000002   PAD
    0x00005444   0x00005444   0x00000054   Code   RO          721    i.I2CMasterInitExpClk  driverlib.lib(i2c.o)
    0x00005498   0x00005498   0x00000008   Code   RO          731    i.I2CMasterSlaveAddrSet  driverlib.lib(i2c.o)
    0x000054a0   0x000054a0   0x00000064   Code   RO         1040    i.IntEnable         driverlib.lib(interrupt.o)
    0x00005504   0x00005504   0x0000000e   Code   RO         1043    i.IntMasterEnable   driverlib.lib(interrupt.o)
    0x00005512   0x00005512   0x00000002   PAD
    0x00005514   0x00005514   0x0000001c   Code   RO         1048    i.IntPriorityGroupingSet  driverlib.lib(interrupt.o)
    0x00005530   0x00005530   0x00000028   Code   RO         1051    i.IntPrioritySet    driverlib.lib(interrupt.o)
    0x00005558   0x00005558   0x000001c8   Code   RO           16    i.KeyDecoder        myclock.o
    0x00005720   0x00005720   0x00000012   Code   RO           17    i.LedLight          myclock.o
    0x00005732   0x00005732   0x00000002   PAD
    0x00005734   0x00005734   0x00000078   Code   RO           18    i.ModeSelect        myclock.o
    0x000057ac   0x000057ac   0x00000026   Code   RO         1163    i.PWMGenConfigure   driverlib.lib(pwm.o)
    0x000057d2   0x000057d2   0x0000000a   Code   RO         1164    i.PWMGenDisable     driverlib.lib(pwm.o)
    0x000057dc   0x000057dc   0x0000000a   Code   RO         1165    i.PWMGenEnable      driverlib.lib(pwm.o)
    0x000057e6   0x000057e6   0x00000012   Code   RO         1177    i.PWMGenPeriodGet   driverlib.lib(pwm.o)
    0x000057f8   0x000057f8   0x00000012   Code   RO         1178    i.PWMGenPeriodSet   driverlib.lib(pwm.o)
    0x0000580a   0x0000580a   0x00000010   Code   RO         1185    i.PWMOutputState    driverlib.lib(pwm.o)
    0x0000581a   0x0000581a   0x00000020   Code   RO         1188    i.PWMPulseWidthSet  driverlib.lib(pwm.o)
    0x0000583a   0x0000583a   0x00000002   PAD
    0x0000583c   0x0000583c   0x00000068   Code   RO           19    i.PWM_Init          myclock.o
    0x000058a4   0x000058a4   0x00000048   Code   RO           20    i.RunningWaterStrProcess  myclock.o
    0x000058ec   0x000058ec   0x00000080   Code   RO           21    i.S800_GPIO_Init    myclock.o
    0x0000596c   0x0000596c   0x0000008c   Code   RO           22    i.S800_I2C0_Init    myclock.o
    0x000059f8   0x000059f8   0x00000098   Code   RO           23    i.S800_UART_Init    myclock.o
    0x00005a90   0x00005a90   0x00000020   Code   RO           24    i.SetAlarm          myclock.o
    0x00005ab0   0x00005ab0   0x00000328   Code   RO           25    i.SetDate           myclock.o
    0x00005dd8   0x00005dd8   0x00000150   Code   RO           26    i.SetModeOn         myclock.o
    0x00005f28   0x00005f28   0x0000000c   Code   RO           27    i.SetMusicOff       myclock.o
    0x00005f34   0x00005f34   0x00000018   Code   RO           28    i.SetMusicOn        myclock.o
    0x00005f4c   0x00005f4c   0x00000204   Code   RO           29    i.SetTime           myclock.o
    0x00006150   0x00006150   0x000002ec   Code   RO         1390    i.SysCtlClockFreqSet  driverlib.lib(sysctl.o)
    0x0000643c   0x0000643c   0x00000028   Code   RO         1422    i.SysCtlPeripheralEnable  driverlib.lib(sysctl.o)
    0x00006464   0x00006464   0x0000002c   Code   RO         1426    i.SysCtlPeripheralReady  driverlib.lib(sysctl.o)
    0x00006490   0x00006490   0x0000000e   Code   RO         1737    i.SysTickEnable     driverlib.lib(systick.o)
    0x0000649e   0x0000649e   0x0000000e   Code   RO         1739    i.SysTickIntEnable  driverlib.lib(systick.o)
    0x000064ac   0x000064ac   0x0000000a   Code   RO         1743    i.SysTickPeriodSet  driverlib.lib(systick.o)
    0x000064b6   0x000064b6   0x00000002   PAD
    0x000064b8   0x000064b8   0x000000b0   Code   RO           30    i.SysTick_Handler   myclock.o
    0x00006568   0x00006568   0x00000024   Code   RO           31    i.SysTick_Init      myclock.o
    0x0000658c   0x0000658c   0x00000020   Code   RO          320    i.SystemInit        system_tm4c129.o
    0x000065ac   0x000065ac   0x00000128   Code   RO           32    i.TIMER1A_Handler   myclock.o
    0x000066d4   0x000066d4   0x00000028   Code   RO           33    i.TimeSend          myclock.o
    0x000066fc   0x000066fc   0x00000040   Code   RO           34    i.Timer1_Init       myclock.o
    0x0000673c   0x0000673c   0x00000060   Code   RO         1803    i.TimerConfigure    driverlib.lib(timer.o)
    0x0000679c   0x0000679c   0x0000000e   Code   RO         1812    i.TimerEnable       driverlib.lib(timer.o)
    0x000067aa   0x000067aa   0x00000004   Code   RO         1813    i.TimerIntClear     driverlib.lib(timer.o)
    0x000067ae   0x000067ae   0x00000008   Code   RO         1815    i.TimerIntEnable    driverlib.lib(timer.o)
    0x000067b6   0x000067b6   0x00000012   Code   RO         1821    i.TimerLoadSet      driverlib.lib(timer.o)
    0x000067c8   0x000067c8   0x000000bc   Code   RO           35    i.UART0_Handler     myclock.o
    0x00006884   0x00006884   0x00000010   Code   RO         2048    i.UARTCharGetNonBlocking  driverlib.lib(uart.o)
    0x00006894   0x00006894   0x0000000c   Code   RO         2049    i.UARTCharPut       driverlib.lib(uart.o)
    0x000068a0   0x000068a0   0x00000010   Code   RO         2050    i.UARTCharPutNonBlocking  driverlib.lib(uart.o)
    0x000068b0   0x000068b0   0x0000000a   Code   RO         2051    i.UARTCharsAvail    driverlib.lib(uart.o)
    0x000068ba   0x000068ba   0x00000002   PAD
    0x000068bc   0x000068bc   0x0000034c   Code   RO           36    i.UARTCmdProcess    myclock.o
    0x00006c08   0x00006c08   0x0000006e   Code   RO         2055    i.UARTConfigSetExpClk  driverlib.lib(uart.o)
    0x00006c76   0x00006c76   0x00000006   Code   RO         2065    i.UARTFIFOLevelSet  driverlib.lib(uart.o)
    0x00006c7c   0x00006c7c   0x00000004   Code   RO         2068    i.UARTIntClear      driverlib.lib(uart.o)
    0x00006c80   0x00006c80   0x00000008   Code   RO         2070    i.UARTIntEnable     driverlib.lib(uart.o)
    0x00006c88   0x00006c88   0x0000000a   Code   RO         2072    i.UARTIntStatus     driverlib.lib(uart.o)
    0x00006c92   0x00006c92   0x00000002   PAD
    0x00006c94   0x00006c94   0x0000001c   Code   RO           37    i.UARTStringPut     myclock.o
    0x00006cb0   0x00006cb0   0x0000001c   Code   RO           38    i.UARTStringPutNonBlocking  myclock.o
    0x00006ccc   0x00006ccc   0x000000cc   Code   RO           39    i.main              myclock.o
    0x00006d98   0x00006d98   0x000002b0   Code   RO         2363    x$fpl$ddiv          fz_wm.l(ddiv.o)
    0x00007048   0x00007048   0x0000005a   Code   RO         2366    x$fpl$dfixu         fz_wm.l(dfixu.o)
    0x000070a2   0x000070a2   0x00000026   Code   RO         2370    x$fpl$dfltu         fz_wm.l(dflt_clz.o)
    0x000070c8   0x000070c8   0x00000154   Code   RO         2376    x$fpl$dmul          fz_wm.l(dmul.o)
    0x0000721c   0x0000721c   0x0000009c   Code   RO         2381    x$fpl$dnaninf       fz_wm.l(dnaninf.o)
    0x000072b8   0x000072b8   0x0000000c   Code   RO         2383    x$fpl$dretinf       fz_wm.l(dretinf.o)
    0x000072c4   0x000072c4   0x00000056   Code   RO         2378    x$fpl$f2d           fz_wm.l(f2d.o)
    0x0000731a   0x0000731a   0x0000008c   Code   RO         2385    x$fpl$fnaninf       fz_wm.l(fnaninf.o)
    0x000073a6   0x000073a6   0x0000000a   Code   RO         2472    x$fpl$fpinit        fz_wm.l(fpinit.o)
    0x000073b0   0x000073b0   0x00000000   Code   RO         2387    x$fpl$usenofp       fz_wm.l(usenofp.o)
    0x000073b0   0x000073b0   0x0000003c   Data   RO           41    .constdata          myclock.o
    0x000073ec   0x000073ec   0x00000228   Data   RO          420    .constdata          driverlib.lib(gpio.o)
    0x00007614   0x00007614   0x0000010c   Data   RO         1056    .constdata          driverlib.lib(interrupt.o)
    0x00007720   0x00007720   0x00000254   Data   RO         1444    .constdata          driverlib.lib(sysctl.o)
    0x00007974   0x00007974   0x00000020   Data   RO         2542    Region$$Table       anon$$obj.o


    Execution Region RW_IRAM1 (Exec base: 0x20000000, Load base: 0x00007994, Size: 0x00000c10, Max: 0x00040000, ABSOLUTE, COMPRESSED[0x000001b8])

    Exec Addr    Load Addr    Size         Type   Attr      Idx    E Section Name        Object

    0x20000000   COMPRESSED   0x000008c4   Data   RW           42    .data               myclock.o
    0x200008c4   COMPRESSED   0x00000004   Data   RW          321    .data               system_tm4c129.o
    0x200008c8        -       0x000000e3   Zero   RW           40    .bss                myclock.o
    0x200009ab   COMPRESSED   0x00000001   PAD
    0x200009ac        -       0x00000060   Zero   RW         2414    .bss                c_w.l(libspace.o)
    0x20000a0c   COMPRESSED   0x00000004   PAD
    0x20000a10        -       0x00000000   Zero   RW          309    HEAP                startup_tm4c129.o
    0x20000a10        -       0x00000200   Zero   RW          308    STACK               startup_tm4c129.o


==============================================================================

Image component sizes


      Code (inc. data)   RO Data    RW Data    ZI Data      Debug   Object Name

      7686       1756         60       2244        227      29665   myclock.o
       300         22        512          0        512       6036   startup_tm4c129.o
        32         12          0          4          0        715   system_tm4c129.o

    ----------------------------------------------------------------------
      8020       1790        604       2248        740      36416   Object Totals
         0          0         32          0          0          0   (incl. Generated)
         2          0          0          0          1          0   (incl. Padding)

    ----------------------------------------------------------------------

      Code (inc. data)   RO Data    RW Data    ZI Data      Debug   Library Member Name

        90          0          0          0          0          0   __dczerorl2.o
         8          0          0          0          0         68   __main.o
         0          0          0          0          0          0   __rtentry.o
        12          0          0          0          0          0   __rtentry2.o
         6          0          0          0          0          0   __rtentry4.o
        52          8          0          0          0          0   __scatter.o
        28          0          0          0          0          0   __scatter_zi.o
        18          0          0          0          0         80   exit.o
         6          0          0          0          0        152   heapauxi.o
         0          0          0          0          0          0   indicate_semi.o
         2          0          0          0          0          0   libinit.o
         6          0          0          0          0          0   libinit2.o
         2          0          0          0          0          0   libshutdown.o
         2          0          0          0          0          0   libshutdown2.o
         8          4          0          0         96         68   libspace.o
       100          0          0          0          0         80   rt_memcpy_w.o
         2          0          0          0          0          0   rtexit.o
        10          0          0          0          0          0   rtexit2.o
        24          0          0          0          0         68   strcat.o
       128          0          0          0          0         68   strcmpv7m.o
        72          0          0          0          0         80   strcpy.o
       150          0          0          0          0         80   strncmp.o
        12          4          0          0          0         68   sys_exit.o
        74          0          0          0          0         80   sys_stackheap_outer.o
         2          0          0          0          0         68   use_no_semi.o
        38          0          0          0          0        560   cpu.o
       600          8        552          0          0      10983   gpio.o
       138         12          0          0          0       5111   i2c.o
       182         20        268          0          0       3112   interrupt.o
       142          0          0          0          0       3909   pwm.o
       832         50        596          0          0       5390   sysctl.o
        38          0          0          0          0       1394   systick.o
       140          8          0          0          0       2799   timer.o
       192          0          0          0          0       5982   uart.o
       688        140          0          0          0        256   ddiv.o
        90          4          0          0          0        140   dfixu.o
        38          0          0          0          0        116   dflt_clz.o
       340         12          0          0          0        152   dmul.o
       156          4          0          0          0        140   dnaninf.o
        12          0          0          0          0        116   dretinf.o
        86          4          0          0          0        132   f2d.o
       140          4          0          0          0        132   fnaninf.o
        10          0          0          0          0        116   fpinit.o
         0          0          0          0          0          0   usenofp.o

    ----------------------------------------------------------------------
      4700        282       1416          0        100      41500   Library Totals
        24          0          0          0          4          0   (incl. Padding)

    ----------------------------------------------------------------------

      Code (inc. data)   RO Data    RW Data    ZI Data      Debug   Library Name

       814         16          0          0         96        960   c_w.l
      2302         98       1416          0          0      39240   driverlib.lib
      1560        168          0          0          0       1300   fz_wm.l

    ----------------------------------------------------------------------
      4700        282       1416          0        100      41500   Library Totals

    ----------------------------------------------------------------------

==============================================================================


      Code (inc. data)   RO Data    RW Data    ZI Data      Debug   

     12720       2072       2020       2248        840      68400   Grand Totals
     12720       2072       2020        440        840      68400   ELF Image Totals (compressed)
     12720       2072       2020        440          0          0   ROM Totals

==============================================================================

    Total RO  Size (Code + RO Data)                14740 (  14.39kB)
    Total RW  Size (RW Data + ZI Data)              3088 (   3.02kB)
    Total ROM Size (Code + RO Data + RW Data)      15180 (  14.82kB)

==============================================================================

